build	Set up job	﻿2025-07-16T10:38:28.7513470Z Current runner version: '2.326.0'
build	Set up job	2025-07-16T10:38:28.7546400Z ##[group]Operating System
build	Set up job	2025-07-16T10:38:28.7547310Z macOS
build	Set up job	2025-07-16T10:38:28.7547790Z 13.7.6
build	Set up job	2025-07-16T10:38:28.7548280Z 22H625
build	Set up job	2025-07-16T10:38:28.7548780Z ##[endgroup]
build	Set up job	2025-07-16T10:38:28.7549320Z ##[group]Runner Image
build	Set up job	2025-07-16T10:38:28.7549910Z Image: macos-13
build	Set up job	2025-07-16T10:38:28.7550450Z Version: 20250709.1318
build	Set up job	2025-07-16T10:38:28.7551710Z Included Software: https://github.com/actions/runner-images/blob/macos-13/20250709.1318/images/macos/macos-13-Readme.md
build	Set up job	2025-07-16T10:38:28.7553550Z Image Release: https://github.com/actions/runner-images/releases/tag/macos-13%2F20250709.1318
build	Set up job	2025-07-16T10:38:28.7554670Z ##[endgroup]
build	Set up job	2025-07-16T10:38:28.7555200Z ##[group]Runner Image Provisioner
build	Set up job	2025-07-16T10:38:28.7555920Z 2.0.449.1+6d46f4794670abc677653e70ad733fc4b7478209
build	Set up job	2025-07-16T10:38:28.7556660Z ##[endgroup]
build	Set up job	2025-07-16T10:38:28.7559900Z ##[group]GITHUB_TOKEN Permissions
build	Set up job	2025-07-16T10:38:28.7562340Z Actions: write
build	Set up job	2025-07-16T10:38:28.7562930Z Attestations: write
build	Set up job	2025-07-16T10:38:28.7563640Z Checks: write
build	Set up job	2025-07-16T10:38:28.7564160Z Contents: write
build	Set up job	2025-07-16T10:38:28.7564680Z Deployments: write
build	Set up job	2025-07-16T10:38:28.7565230Z Discussions: write
build	Set up job	2025-07-16T10:38:28.7565770Z Issues: write
build	Set up job	2025-07-16T10:38:28.7566280Z Metadata: read
build	Set up job	2025-07-16T10:38:28.7566800Z Models: read
build	Set up job	2025-07-16T10:38:28.7567310Z Packages: write
build	Set up job	2025-07-16T10:38:28.7567830Z Pages: write
build	Set up job	2025-07-16T10:38:28.7568350Z PullRequests: write
build	Set up job	2025-07-16T10:38:28.7568920Z RepositoryProjects: write
build	Set up job	2025-07-16T10:38:28.7569540Z SecurityEvents: write
build	Set up job	2025-07-16T10:38:28.7570110Z Statuses: write
build	Set up job	2025-07-16T10:38:28.7570630Z ##[endgroup]
build	Set up job	2025-07-16T10:38:28.7573030Z Secret source: Actions
build	Set up job	2025-07-16T10:38:28.7573840Z Prepare workflow directory
build	Set up job	2025-07-16T10:38:28.8015470Z Prepare all required actions
build	Set up job	2025-07-16T10:38:28.8060060Z Getting action download info
build	Set up job	2025-07-16T10:38:30.5656510Z ##[group]Download immutable action package 'actions/checkout@v4'
build	Set up job	2025-07-16T10:38:30.5658210Z Version: 4.2.2
build	Set up job	2025-07-16T10:38:30.5659880Z Digest: sha256:ccb2698953eaebd21c7bf6268a94f9c26518a7e38e27e0b83c1fe1ad049819b1
build	Set up job	2025-07-16T10:38:30.5661970Z Source commit SHA: 11bd71901bbe5b1630ceea73d27597364c9af683
build	Set up job	2025-07-16T10:38:30.5663280Z ##[endgroup]
build	Set up job	2025-07-16T10:38:30.8556890Z ##[group]Download immutable action package 'actions/setup-java@v4'
build	Set up job	2025-07-16T10:38:30.8559300Z Version: 4.7.1
build	Set up job	2025-07-16T10:38:30.8561510Z Digest: sha256:23223d64943473efb4336f60463c0429cd4f422cd5fc6c48a5cf0d5907c1aeac
build	Set up job	2025-07-16T10:38:30.8564570Z Source commit SHA: c5195efecf7bdfc987ee8bae7a71cb8b11521c00
build	Set up job	2025-07-16T10:38:30.8566720Z ##[endgroup]
build	Set up job	2025-07-16T10:38:31.5626090Z ##[group]Download immutable action package 'actions/setup-go@v5'
build	Set up job	2025-07-16T10:38:31.5628660Z Version: 5.5.0
build	Set up job	2025-07-16T10:38:31.5631060Z Digest: sha256:f5eeb2233d0c6714b5236de9b44ad0b935014e15eeab3c28d73dc44c1c641ebb
build	Set up job	2025-07-16T10:38:31.5634470Z Source commit SHA: d35c59abb061a4a6fb18e82ac0862c26744d6ab5
build	Set up job	2025-07-16T10:38:31.5636600Z ##[endgroup]
build	Set up job	2025-07-16T10:38:32.2742480Z Complete job name: build
build	Checkout Dafny	﻿2025-07-16T10:38:32.3524100Z ##[group]Run actions/checkout@v4
build	Checkout Dafny	2025-07-16T10:38:32.3525130Z with:
build	Checkout Dafny	2025-07-16T10:38:32.3525580Z   submodules: true
build	Checkout Dafny	2025-07-16T10:38:32.3526060Z   repository: dafny-lang/dafny
build	Checkout Dafny	2025-07-16T10:38:32.3526770Z   token: ***
build	Checkout Dafny	2025-07-16T10:38:32.3527220Z   ssh-strict: true
build	Checkout Dafny	2025-07-16T10:38:32.3527670Z   ssh-user: git
build	Checkout Dafny	2025-07-16T10:38:32.3528180Z   persist-credentials: true
build	Checkout Dafny	2025-07-16T10:38:32.3528690Z   clean: true
build	Checkout Dafny	2025-07-16T10:38:32.3529150Z   sparse-checkout-cone-mode: true
build	Checkout Dafny	2025-07-16T10:38:32.3529710Z   fetch-depth: 1
build	Checkout Dafny	2025-07-16T10:38:32.3530170Z   fetch-tags: false
build	Checkout Dafny	2025-07-16T10:38:32.3530630Z   show-progress: true
build	Checkout Dafny	2025-07-16T10:38:32.3531110Z   lfs: false
build	Checkout Dafny	2025-07-16T10:38:32.3531570Z   set-safe-directory: true
build	Checkout Dafny	2025-07-16T10:38:32.3532410Z ##[endgroup]
build	Checkout Dafny	2025-07-16T10:38:32.7001140Z Syncing repository: dafny-lang/dafny
build	Checkout Dafny	2025-07-16T10:38:32.7003400Z ##[group]Getting Git version info
build	Checkout Dafny	2025-07-16T10:38:32.7004100Z Working directory is '/Users/runner/work/dafny/dafny'
build	Checkout Dafny	2025-07-16T10:38:32.7024770Z [command]/usr/local/bin/git version
build	Checkout Dafny	2025-07-16T10:38:32.7335840Z git version 2.50.1
build	Checkout Dafny	2025-07-16T10:38:32.7378930Z ##[endgroup]
build	Checkout Dafny	2025-07-16T10:38:32.7391840Z Copying '/Users/runner/.gitconfig' to '/Users/runner/work/_temp/906cd4ca-712d-4c09-978f-63c67fa89735/.gitconfig'
build	Checkout Dafny	2025-07-16T10:38:32.7406470Z Temporarily overriding HOME='/Users/runner/work/_temp/906cd4ca-712d-4c09-978f-63c67fa89735' before making global git config changes
build	Checkout Dafny	2025-07-16T10:38:32.7408090Z Adding repository directory to the temporary git global config as a safe directory
build	Checkout Dafny	2025-07-16T10:38:32.7412000Z [command]/usr/local/bin/git config --global --add safe.directory /Users/runner/work/dafny/dafny
build	Checkout Dafny	2025-07-16T10:38:32.7504170Z Deleting the contents of '/Users/runner/work/dafny/dafny'
build	Checkout Dafny	2025-07-16T10:38:32.7509190Z ##[group]Initializing the repository
build	Checkout Dafny	2025-07-16T10:38:32.7514970Z [command]/usr/local/bin/git init /Users/runner/work/dafny/dafny
build	Checkout Dafny	2025-07-16T10:38:32.7736200Z hint: Using 'master' as the name for the initial branch. This default branch name
build	Checkout Dafny	2025-07-16T10:38:32.7737950Z hint: is subject to change. To configure the initial branch name to use in all
build	Checkout Dafny	2025-07-16T10:38:32.7740210Z hint: of your new repositories, which will suppress this warning, call:
build	Checkout Dafny	2025-07-16T10:38:32.7741110Z hint:
build	Checkout Dafny	2025-07-16T10:38:32.7741750Z hint: 	git config --global init.defaultBranch <name>
build	Checkout Dafny	2025-07-16T10:38:32.7742430Z hint:
build	Checkout Dafny	2025-07-16T10:38:32.7743100Z hint: Names commonly chosen instead of 'master' are 'main', 'trunk' and
build	Checkout Dafny	2025-07-16T10:38:32.7744100Z hint: 'development'. The just-created branch can be renamed via this command:
build	Checkout Dafny	2025-07-16T10:38:32.7744900Z hint:
build	Checkout Dafny	2025-07-16T10:38:32.7745350Z hint: 	git branch -m <name>
build	Checkout Dafny	2025-07-16T10:38:32.7745820Z hint:
build	Checkout Dafny	2025-07-16T10:38:32.7746490Z hint: Disable this message with "git config set advice.defaultBranchName false"
build	Checkout Dafny	2025-07-16T10:38:32.7747540Z Initialized empty Git repository in /Users/runner/work/dafny/dafny/.git/
build	Checkout Dafny	2025-07-16T10:38:32.7751450Z [command]/usr/local/bin/git remote add origin https://github.com/dafny-lang/dafny
build	Checkout Dafny	2025-07-16T10:38:32.7839050Z ##[endgroup]
build	Checkout Dafny	2025-07-16T10:38:32.7839990Z ##[group]Disabling automatic garbage collection
build	Checkout Dafny	2025-07-16T10:38:32.7843590Z [command]/usr/local/bin/git config --local gc.auto 0
build	Checkout Dafny	2025-07-16T10:38:32.7915520Z ##[endgroup]
build	Checkout Dafny	2025-07-16T10:38:32.7916370Z ##[group]Setting up auth
build	Checkout Dafny	2025-07-16T10:38:32.7922660Z [command]/usr/local/bin/git config --local --name-only --get-regexp core\.sshCommand
build	Checkout Dafny	2025-07-16T10:38:32.7993340Z [command]/usr/local/bin/git submodule foreach --recursive sh -c "git config --local --name-only --get-regexp 'core\.sshCommand' && git config --local --unset-all 'core.sshCommand' || :"
build	Checkout Dafny	2025-07-16T10:38:32.9135310Z [command]/usr/local/bin/git config --local --name-only --get-regexp http\.https\:\/\/github\.com\/\.extraheader
build	Checkout Dafny	2025-07-16T10:38:32.9209030Z [command]/usr/local/bin/git submodule foreach --recursive sh -c "git config --local --name-only --get-regexp 'http\.https\:\/\/github\.com\/\.extraheader' && git config --local --unset-all 'http.https://github.com/.extraheader' || :"
build	Checkout Dafny	2025-07-16T10:38:33.0161530Z [command]/usr/local/bin/git config --local http.https://github.com/.extraheader AUTHORIZATION: basic ***
build	Checkout Dafny	2025-07-16T10:38:33.0288810Z ##[endgroup]
build	Checkout Dafny	2025-07-16T10:38:33.0290440Z ##[group]Fetching the repository
build	Checkout Dafny	2025-07-16T10:38:33.0292860Z [command]/usr/local/bin/git -c protocol.version=2 fetch --no-tags --prune --no-recurse-submodules --depth=1 origin +8894549724367f2c692bf274b77f8440fc5eb6e7:refs/remotes/pull/6307/merge
build	Checkout Dafny	2025-07-16T10:38:34.8009430Z From https://github.com/dafny-lang/dafny
build	Checkout Dafny	2025-07-16T10:38:34.8013940Z  * [new ref]         8894549724367f2c692bf274b77f8440fc5eb6e7 -> pull/6307/merge
build	Checkout Dafny	2025-07-16T10:38:34.8126900Z ##[endgroup]
build	Checkout Dafny	2025-07-16T10:38:34.8129270Z ##[group]Determining the checkout info
build	Checkout Dafny	2025-07-16T10:38:34.8132220Z ##[endgroup]
build	Checkout Dafny	2025-07-16T10:38:34.8139890Z [command]/usr/local/bin/git sparse-checkout disable
build	Checkout Dafny	2025-07-16T10:38:34.8262610Z [command]/usr/local/bin/git config --local --unset-all extensions.worktreeConfig
build	Checkout Dafny	2025-07-16T10:38:34.8400280Z ##[group]Checking out the ref
build	Checkout Dafny	2025-07-16T10:38:34.8401680Z [command]/usr/local/bin/git checkout --progress --force refs/remotes/pull/6307/merge
build	Checkout Dafny	2025-07-16T10:38:36.0229870Z Updating files:  49% (3121/6258)
build	Checkout Dafny	2025-07-16T10:38:36.0416010Z Updating files:  50% (3129/6258)
build	Checkout Dafny	2025-07-16T10:38:36.0422550Z Updating files:  51% (3192/6258)
build	Checkout Dafny	2025-07-16T10:38:36.0667070Z Updating files:  52% (3255/6258)
build	Checkout Dafny	2025-07-16T10:38:36.0899810Z Updating files:  53% (3317/6258)
build	Checkout Dafny	2025-07-16T10:38:36.1147300Z Updating files:  54% (3380/6258)
build	Checkout Dafny	2025-07-16T10:38:36.1343130Z Updating files:  55% (3442/6258)
build	Checkout Dafny	2025-07-16T10:38:36.1529290Z Updating files:  56% (3505/6258)
build	Checkout Dafny	2025-07-16T10:38:36.1724660Z Updating files:  57% (3568/6258)
build	Checkout Dafny	2025-07-16T10:38:36.1960220Z Updating files:  58% (3630/6258)
build	Checkout Dafny	2025-07-16T10:38:36.2156520Z Updating files:  59% (3693/6258)
build	Checkout Dafny	2025-07-16T10:38:36.2379070Z Updating files:  60% (3755/6258)
build	Checkout Dafny	2025-07-16T10:38:36.2629820Z Updating files:  61% (3818/6258)
build	Checkout Dafny	2025-07-16T10:38:36.2803480Z Updating files:  62% (3880/6258)
build	Checkout Dafny	2025-07-16T10:38:36.3296950Z Updating files:  63% (3943/6258)
build	Checkout Dafny	2025-07-16T10:38:36.3522550Z Updating files:  64% (4006/6258)
build	Checkout Dafny	2025-07-16T10:38:36.3809820Z Updating files:  65% (4068/6258)
build	Checkout Dafny	2025-07-16T10:38:36.3990110Z Updating files:  66% (4131/6258)
build	Checkout Dafny	2025-07-16T10:38:36.4174550Z Updating files:  67% (4193/6258)
build	Checkout Dafny	2025-07-16T10:38:36.4378190Z Updating files:  68% (4256/6258)
build	Checkout Dafny	2025-07-16T10:38:36.4623920Z Updating files:  69% (4319/6258)
build	Checkout Dafny	2025-07-16T10:38:36.4836900Z Updating files:  70% (4381/6258)
build	Checkout Dafny	2025-07-16T10:38:36.5047860Z Updating files:  71% (4444/6258)
build	Checkout Dafny	2025-07-16T10:38:36.5299520Z Updating files:  72% (4506/6258)
build	Checkout Dafny	2025-07-16T10:38:36.5506380Z Updating files:  73% (4569/6258)
build	Checkout Dafny	2025-07-16T10:38:36.5706590Z Updating files:  74% (4631/6258)
build	Checkout Dafny	2025-07-16T10:38:36.5890280Z Updating files:  75% (4694/6258)
build	Checkout Dafny	2025-07-16T10:38:36.6094100Z Updating files:  76% (4757/6258)
build	Checkout Dafny	2025-07-16T10:38:36.6294430Z Updating files:  77% (4819/6258)
build	Checkout Dafny	2025-07-16T10:38:36.6519410Z Updating files:  78% (4882/6258)
build	Checkout Dafny	2025-07-16T10:38:36.6743370Z Updating files:  79% (4944/6258)
build	Checkout Dafny	2025-07-16T10:38:36.7027030Z Updating files:  80% (5007/6258)
build	Checkout Dafny	2025-07-16T10:38:36.7288860Z Updating files:  81% (5069/6258)
build	Checkout Dafny	2025-07-16T10:38:36.7485460Z Updating files:  82% (5132/6258)
build	Checkout Dafny	2025-07-16T10:38:36.7717230Z Updating files:  83% (5195/6258)
build	Checkout Dafny	2025-07-16T10:38:36.7996660Z Updating files:  84% (5257/6258)
build	Checkout Dafny	2025-07-16T10:38:36.8170690Z Updating files:  85% (5320/6258)
build	Checkout Dafny	2025-07-16T10:38:36.8415050Z Updating files:  86% (5382/6258)
build	Checkout Dafny	2025-07-16T10:38:36.8594040Z Updating files:  87% (5445/6258)
build	Checkout Dafny	2025-07-16T10:38:36.8652510Z Updating files:  87% (5488/6258)
build	Checkout Dafny	2025-07-16T10:38:36.8873230Z Updating files:  88% (5508/6258)
build	Checkout Dafny	2025-07-16T10:38:36.9089490Z Updating files:  89% (5570/6258)
build	Checkout Dafny	2025-07-16T10:38:36.9295020Z Updating files:  90% (5633/6258)
build	Checkout Dafny	2025-07-16T10:38:36.9520320Z Updating files:  91% (5695/6258)
build	Checkout Dafny	2025-07-16T10:38:36.9719990Z Updating files:  92% (5758/6258)
build	Checkout Dafny	2025-07-16T10:38:36.9907560Z Updating files:  93% (5820/6258)
build	Checkout Dafny	2025-07-16T10:38:37.0427880Z Updating files:  94% (5883/6258)
build	Checkout Dafny	2025-07-16T10:38:37.0618190Z Updating files:  95% (5946/6258)
build	Checkout Dafny	2025-07-16T10:38:37.0815350Z Updating files:  96% (6008/6258)
build	Checkout Dafny	2025-07-16T10:38:37.1001600Z Updating files:  97% (6071/6258)
build	Checkout Dafny	2025-07-16T10:38:37.1219320Z Updating files:  98% (6133/6258)
build	Checkout Dafny	2025-07-16T10:38:37.1437200Z Updating files:  99% (6196/6258)
build	Checkout Dafny	2025-07-16T10:38:37.1439120Z Updating files: 100% (6258/6258)
build	Checkout Dafny	2025-07-16T10:38:37.1439990Z Updating files: 100% (6258/6258), done.
build	Checkout Dafny	2025-07-16T10:38:37.1568920Z HEAD is now at 8894549 Merge 19c42995ffaaa3dc319ec1253ab10c1b0850fa49 into 220fdecb25920d2f72ceb4c57af6cb032fdd337d
build	Checkout Dafny	2025-07-16T10:38:37.1587710Z ##[endgroup]
build	Checkout Dafny	2025-07-16T10:38:37.1588500Z ##[group]Setting up auth for fetching submodules
build	Checkout Dafny	2025-07-16T10:38:37.1597670Z [command]/usr/local/bin/git config --global http.https://github.com/.extraheader AUTHORIZATION: basic ***
build	Checkout Dafny	2025-07-16T10:38:37.1709580Z [command]/usr/local/bin/git config --global --unset-all url.https://github.com/.insteadOf
build	Checkout Dafny	2025-07-16T10:38:37.1798740Z [command]/usr/local/bin/git config --global --add url.https://github.com/.insteadOf git@github.com:
build	Checkout Dafny	2025-07-16T10:38:37.1894980Z [command]/usr/local/bin/git config --global --add url.https://github.com/.insteadOf org-52358127@github.com:
build	Checkout Dafny	2025-07-16T10:38:37.1993750Z ##[endgroup]
build	Checkout Dafny	2025-07-16T10:38:37.1994570Z ##[group]Fetching submodules
build	Checkout Dafny	2025-07-16T10:38:37.2001630Z [command]/usr/local/bin/git submodule sync
build	Checkout Dafny	2025-07-16T10:38:37.3196130Z [command]/usr/local/bin/git -c protocol.version=2 submodule update --init --force --depth=1
build	Checkout Dafny	2025-07-16T10:38:37.4721430Z [command]/usr/local/bin/git submodule foreach git config --local gc.auto 0
build	Checkout Dafny	2025-07-16T10:38:37.6422540Z ##[endgroup]
build	Checkout Dafny	2025-07-16T10:38:37.6595220Z ##[group]Persisting credentials for submodules
build	Checkout Dafny	2025-07-16T10:38:37.6725040Z [command]/usr/local/bin/git submodule foreach --recursive sh -c "git config --local --name-only --get-regexp 'url\.https\:\/\/github\.com\/\.insteadOf' && git config --local --unset-all 'url.https://github.com/.insteadOf' || :"
build	Checkout Dafny	2025-07-16T10:38:37.8101960Z [command]/usr/local/bin/git submodule foreach sh -c "git config --local 'http.https://github.com/.extraheader' 'AUTHORIZATION: basic ***' && git config --local --show-origin --name-only --get-regexp remote.origin.url"
build	Checkout Dafny	2025-07-16T10:38:37.9815200Z [command]/usr/local/bin/git submodule foreach git config --local --add 'url.https://github.com/.insteadOf' 'git@github.com:'
build	Checkout Dafny	2025-07-16T10:38:38.2282850Z [command]/usr/local/bin/git submodule foreach git config --local --add 'url.https://github.com/.insteadOf' 'org-52358127@github.com:'
build	Checkout Dafny	2025-07-16T10:38:38.3729070Z ##[endgroup]
build	Checkout Dafny	2025-07-16T10:38:38.3875840Z [command]/usr/local/bin/git log -1 --format=%H
build	Checkout Dafny	2025-07-16T10:38:38.3921030Z 8894549724367f2c692bf274b77f8440fc5eb6e7
build	Set up JDK 18	﻿2025-07-16T10:38:38.4411810Z ##[group]Run actions/setup-java@v4
build	Set up JDK 18	2025-07-16T10:38:38.4412390Z with:
build	Set up JDK 18	2025-07-16T10:38:38.4412770Z   java-version: 18
build	Set up JDK 18	2025-07-16T10:38:38.4413170Z   distribution: corretto
build	Set up JDK 18	2025-07-16T10:38:38.4413630Z   java-package: jdk
build	Set up JDK 18	2025-07-16T10:38:38.4414030Z   check-latest: false
build	Set up JDK 18	2025-07-16T10:38:38.4414470Z   server-id: github
build	Set up JDK 18	2025-07-16T10:38:38.4414890Z   server-username: GITHUB_ACTOR
build	Set up JDK 18	2025-07-16T10:38:38.4415420Z   server-password: GITHUB_TOKEN
build	Set up JDK 18	2025-07-16T10:38:38.4415910Z   overwrite-settings: true
build	Set up JDK 18	2025-07-16T10:38:38.4416410Z   job-status: success
build	Set up JDK 18	2025-07-16T10:38:38.4417540Z   token: ***
build	Set up JDK 18	2025-07-16T10:38:38.4418050Z ##[endgroup]
build	Set up JDK 18	2025-07-16T10:38:38.7200810Z ##[group]Installed distributions
build	Set up JDK 18	2025-07-16T10:38:38.7215960Z Trying to resolve the latest version from remote
build	Set up JDK 18	2025-07-16T10:38:38.8661720Z Resolved latest version as 18.0.2+9.1
build	Set up JDK 18	2025-07-16T10:38:38.8674630Z Trying to download...
build	Set up JDK 18	2025-07-16T10:38:38.8704840Z Downloading Java 18.0.2+9.1 (Corretto) from https://corretto.aws/downloads/resources/18.0.2.9.1/amazon-corretto-18.0.2.9.1-macosx-x64.tar.gz ...
build	Set up JDK 18	2025-07-16T10:38:43.3418210Z Extracting Java archive...
build	Set up JDK 18	2025-07-16T10:38:43.3561990Z [command]/usr/bin/tar xz -C /Users/runner/work/_temp/9b352d65-ad36-4e4c-8922-972bb46a39eb -f /Users/runner/work/_temp/f85138f6-8edf-4b56-880d-aa9b52cff690
build	Set up JDK 18	2025-07-16T10:38:46.9042710Z Java 18.0.2+9.1 was downloaded
build	Set up JDK 18	2025-07-16T10:38:46.9044260Z Setting Java 18.0.2+9.1 as the default
build	Set up JDK 18	2025-07-16T10:38:46.9062510Z Creating toolchains.xml for JDK version 18 from corretto
build	Set up JDK 18	2025-07-16T10:38:46.9137360Z Writing to /Users/runner/.m2/toolchains.xml
build	Set up JDK 18	2025-07-16T10:38:46.9138920Z 
build	Set up JDK 18	2025-07-16T10:38:46.9140500Z Java configuration:
build	Set up JDK 18	2025-07-16T10:38:46.9141020Z   Distribution: corretto
build	Set up JDK 18	2025-07-16T10:38:46.9141480Z   Version: 18.0.2+9.1
build	Set up JDK 18	2025-07-16T10:38:46.9142810Z   Path: /Users/runner/hostedtoolcache/Java_Corretto_jdk/18.0.2-9.1/x64/Contents/Home
build	Set up JDK 18	2025-07-16T10:38:46.9143710Z 
build	Set up JDK 18	2025-07-16T10:38:46.9144800Z ##[endgroup]
build	Set up JDK 18	2025-07-16T10:38:46.9178050Z Creating settings.xml with server-id: github
build	Set up JDK 18	2025-07-16T10:38:46.9178720Z Writing to /Users/runner/.m2/settings.xml
build	Set up Go	﻿2025-07-16T10:38:46.9352350Z ##[group]Run actions/setup-go@v5
build	Set up Go	2025-07-16T10:38:46.9352860Z with:
build	Set up Go	2025-07-16T10:38:46.9353180Z   go-version: 1.21
build	Set up Go	2025-07-16T10:38:46.9353570Z   cache: false
build	Set up Go	2025-07-16T10:38:46.9353920Z   check-latest: false
build	Set up Go	2025-07-16T10:38:46.9354790Z   token: ***
build	Set up Go	2025-07-16T10:38:46.9355150Z env:
build	Set up Go	2025-07-16T10:38:46.9355780Z   JAVA_HOME: /Users/runner/hostedtoolcache/Java_Corretto_jdk/18.0.2-9.1/x64/Contents/Home
build	Set up Go	2025-07-16T10:38:46.9356950Z   JAVA_HOME_18_X64: /Users/runner/hostedtoolcache/Java_Corretto_jdk/18.0.2-9.1/x64/Contents/Home
build	Set up Go	2025-07-16T10:38:46.9357760Z ##[endgroup]
build	Set up Go	2025-07-16T10:38:47.1487550Z Setup go version spec 1.21
build	Set up Go	2025-07-16T10:38:47.7197390Z Attempting to download 1.21...
build	Set up Go	2025-07-16T10:38:48.0268920Z matching 1.21...
build	Set up Go	2025-07-16T10:38:48.2039020Z Acquiring 1.21.13 from https://github.com/actions/go-versions/releases/download/1.21.13-10277905115/go-1.21.13-darwin-x64.tar.gz
build	Set up Go	2025-07-16T10:38:50.2005730Z Extracting Go...
build	Set up Go	2025-07-16T10:38:50.2881640Z [command]/usr/bin/tar xz -C /Users/runner/work/_temp/4ce2f9c8-5ee5-4e65-a92d-a94deb0c78cb -f /Users/runner/work/_temp/9792131f-56f7-48f6-be70-8e0b67151f4c
build	Set up Go	2025-07-16T10:38:57.5553910Z Successfully extracted go to /Users/runner/work/_temp/4ce2f9c8-5ee5-4e65-a92d-a94deb0c78cb
build	Set up Go	2025-07-16T10:38:57.6556960Z Adding to the cache ...
build	Set up Go	2025-07-16T10:39:12.3358230Z Successfully cached go to /Users/runner/hostedtoolcache/go/1.21.13/x64
build	Set up Go	2025-07-16T10:39:12.3364180Z Added go to the path
build	Set up Go	2025-07-16T10:39:12.3367400Z Successfully set up Go version 1.21
build	Set up Go	2025-07-16T10:39:12.3903760Z go version go1.21.13 darwin/amd64
build	Set up Go	2025-07-16T10:39:12.3904190Z 
build	Set up Go	2025-07-16T10:39:12.3904750Z ##[group]go env
build	Set up Go	2025-07-16T10:39:16.6684280Z GO111MODULE=''
build	Set up Go	2025-07-16T10:39:16.6684820Z GOARCH='amd64'
build	Set up Go	2025-07-16T10:39:16.6685860Z GOBIN=''
build	Set up Go	2025-07-16T10:39:16.6687000Z GOCACHE='/Users/runner/Library/Caches/go-build'
build	Set up Go	2025-07-16T10:39:16.6688250Z GOENV='/Users/runner/Library/Application Support/go/env'
build	Set up Go	2025-07-16T10:39:16.6689230Z GOEXE=''
build	Set up Go	2025-07-16T10:39:16.6690090Z GOEXPERIMENT=''
build	Set up Go	2025-07-16T10:39:16.6690860Z GOFLAGS=''
build	Set up Go	2025-07-16T10:39:16.6691360Z GOHOSTARCH='amd64'
build	Set up Go	2025-07-16T10:39:16.6692330Z GOHOSTOS='darwin'
build	Set up Go	2025-07-16T10:39:16.6692950Z GOINSECURE=''
build	Set up Go	2025-07-16T10:39:16.6694370Z GOMODCACHE='/Users/runner/go/pkg/mod'
build	Set up Go	2025-07-16T10:39:16.6695420Z GONOPROXY=''
build	Set up Go	2025-07-16T10:39:16.6695860Z GONOSUMDB=''
build	Set up Go	2025-07-16T10:39:16.6696380Z GOOS='darwin'
build	Set up Go	2025-07-16T10:39:16.6696860Z GOPATH='/Users/runner/go'
build	Set up Go	2025-07-16T10:39:16.6697530Z GOPRIVATE=''
build	Set up Go	2025-07-16T10:39:16.6698030Z GOPROXY='https://proxy.golang.org,direct'
build	Set up Go	2025-07-16T10:39:16.6699210Z GOROOT='/Users/runner/hostedtoolcache/go/1.21.13/x64'
build	Set up Go	2025-07-16T10:39:16.6700060Z GOSUMDB='sum.golang.org'
build	Set up Go	2025-07-16T10:39:16.6700830Z GOTMPDIR=''
build	Set up Go	2025-07-16T10:39:16.6701570Z GOTOOLCHAIN='auto'
build	Set up Go	2025-07-16T10:39:16.6702710Z GOTOOLDIR='/Users/runner/hostedtoolcache/go/1.21.13/x64/pkg/tool/darwin_amd64'
build	Set up Go	2025-07-16T10:39:16.6703880Z GOVCS=''
build	Set up Go	2025-07-16T10:39:16.6704350Z GOVERSION='go1.21.13'
build	Set up Go	2025-07-16T10:39:16.6704880Z GCCGO='gccgo'
build	Set up Go	2025-07-16T10:39:16.6705320Z GOAMD64='v1'
build	Set up Go	2025-07-16T10:39:16.6705750Z AR='ar'
build	Set up Go	2025-07-16T10:39:16.6706150Z CC='clang'
build	Set up Go	2025-07-16T10:39:16.6706570Z CXX='clang++'
build	Set up Go	2025-07-16T10:39:16.6706990Z CGO_ENABLED='1'
build	Set up Go	2025-07-16T10:39:16.6707390Z GOMOD='/dev/null'
build	Set up Go	2025-07-16T10:39:16.6707850Z GOWORK=''
build	Set up Go	2025-07-16T10:39:16.6708230Z CGO_CFLAGS='-O2 -g'
build	Set up Go	2025-07-16T10:39:16.6708710Z CGO_CPPFLAGS=''
build	Set up Go	2025-07-16T10:39:16.6709220Z CGO_CXXFLAGS='-O2 -g'
build	Set up Go	2025-07-16T10:39:16.6709700Z CGO_FFLAGS='-O2 -g'
build	Set up Go	2025-07-16T10:39:16.6710170Z CGO_LDFLAGS='-O2 -g'
build	Set up Go	2025-07-16T10:39:16.6711010Z PKG_CONFIG='pkg-config'
build	Set up Go	2025-07-16T10:39:16.6713730Z GOGCCFLAGS='-fPIC -arch x86_64 -m64 -pthread -fno-caret-diagnostics -Qunused-arguments -fmessage-length=0 -ffile-prefix-map=/var/folders/vk/nx37ffx50hv5djclhltc26vw0000gn/T/go-build1753614243=/tmp/go-build -gno-record-gcc-switches -fno-common'
build	Set up Go	2025-07-16T10:39:16.6715840Z 
build	Set up Go	2025-07-16T10:39:16.6716380Z ##[endgroup]
build	Set up goimports	﻿2025-07-16T10:39:16.6884870Z ##[group]Run go install golang.org/x/tools/cmd/goimports@latest
build	Set up goimports	2025-07-16T10:39:16.6885850Z [36;1mgo install golang.org/x/tools/cmd/goimports@latest[0m
build	Set up goimports	2025-07-16T10:39:16.7135460Z shell: /bin/bash -e {0}
build	Set up goimports	2025-07-16T10:39:16.7135880Z env:
build	Set up goimports	2025-07-16T10:39:16.7136550Z   JAVA_HOME: /Users/runner/hostedtoolcache/Java_Corretto_jdk/18.0.2-9.1/x64/Contents/Home
build	Set up goimports	2025-07-16T10:39:16.7138280Z   JAVA_HOME_18_X64: /Users/runner/hostedtoolcache/Java_Corretto_jdk/18.0.2-9.1/x64/Contents/Home
build	Set up goimports	2025-07-16T10:39:16.7139150Z   GO111MODULE: on
build	Set up goimports	2025-07-16T10:39:16.7139540Z ##[endgroup]
build	Set up goimports	2025-07-16T10:39:17.5774900Z go: downloading golang.org/x/tools v0.35.0
build	Set up goimports	2025-07-16T10:39:19.2537210Z go: golang.org/x/tools@v0.35.0 requires go >= 1.23.0; switching to go1.23.11
build	Set up goimports	2025-07-16T10:39:19.2538940Z go: downloading go1.23.11 (darwin/amd64)
build	Set up goimports	2025-07-16T10:39:31.0555060Z go: downloading golang.org/x/mod v0.26.0
build	Set up goimports	2025-07-16T10:39:31.0577620Z go: downloading golang.org/x/sync v0.16.0
build	Build Dafny	﻿2025-07-16T10:39:44.6499010Z ##[group]Run dotnet build Source/Dafny.sln
build	Build Dafny	2025-07-16T10:39:44.6499770Z [36;1mdotnet build Source/Dafny.sln[0m
build	Build Dafny	2025-07-16T10:39:44.6654670Z shell: /bin/bash -e {0}
build	Build Dafny	2025-07-16T10:39:44.6655180Z env:
build	Build Dafny	2025-07-16T10:39:44.6655980Z   JAVA_HOME: /Users/runner/hostedtoolcache/Java_Corretto_jdk/18.0.2-9.1/x64/Contents/Home
build	Build Dafny	2025-07-16T10:39:44.6657450Z   JAVA_HOME_18_X64: /Users/runner/hostedtoolcache/Java_Corretto_jdk/18.0.2-9.1/x64/Contents/Home
build	Build Dafny	2025-07-16T10:39:44.6658520Z ##[endgroup]
build	Build Dafny	2025-07-16T10:39:45.3277530Z 
build	Build Dafny	2025-07-16T10:39:45.3589900Z Welcome to .NET 8.0!
build	Build Dafny	2025-07-16T10:39:45.3705080Z ---------------------
build	Build Dafny	2025-07-16T10:39:45.3715960Z SDK Version: 8.0.412
build	Build Dafny	2025-07-16T10:39:45.3717500Z 
build	Build Dafny	2025-07-16T10:39:45.3718850Z Telemetry
build	Build Dafny	2025-07-16T10:39:45.3720470Z ---------
build	Build Dafny	2025-07-16T10:39:45.3725230Z The .NET tools collect usage data in order to help us improve your experience. It is collected by Microsoft and shared with the community. You can opt-out of telemetry by setting the DOTNET_CLI_TELEMETRY_OPTOUT environment variable to '1' or 'true' using your favorite shell.
build	Build Dafny	2025-07-16T10:39:45.3729850Z 
build	Build Dafny	2025-07-16T10:39:45.3734260Z Read more about .NET CLI Tools telemetry: https://aka.ms/dotnet-cli-telemetry
build	Build Dafny	2025-07-16T10:39:46.0745360Z 
build	Build Dafny	2025-07-16T10:39:46.0761320Z ----------------
build	Build Dafny	2025-07-16T10:39:46.0774440Z Installed an ASP.NET Core HTTPS development certificate.
build	Build Dafny	2025-07-16T10:39:46.0926230Z To trust the certificate, run 'dotnet dev-certs https --trust'
build	Build Dafny	2025-07-16T10:39:46.0961940Z Learn about HTTPS: https://aka.ms/dotnet-https
build	Build Dafny	2025-07-16T10:39:46.0974460Z 
build	Build Dafny	2025-07-16T10:39:46.0992580Z ----------------
build	Build Dafny	2025-07-16T10:39:46.1007210Z Write your first app: https://aka.ms/dotnet-hello-world
build	Build Dafny	2025-07-16T10:39:46.1015000Z Find out what's new: https://aka.ms/dotnet-whats-new
build	Build Dafny	2025-07-16T10:39:46.1046170Z Explore documentation: https://aka.ms/dotnet-docs
build	Build Dafny	2025-07-16T10:39:46.1067880Z Report issues and find source on GitHub: https://github.com/dotnet/core
build	Build Dafny	2025-07-16T10:39:46.1092290Z Use 'dotnet --help' to see available commands or visit: https://aka.ms/dotnet-cli
build	Build Dafny	2025-07-16T10:39:46.1134920Z --------------------------------------------------------------------------------------
build	Build Dafny	2025-07-16T10:39:50.9246180Z   Determining projects to restore...
build	Build Dafny	2025-07-16T10:39:58.0687860Z   Restored /Users/runner/work/dafny/dafny/Source/DafnyRuntime/DafnyRuntime.csproj (in 5.44 sec).
build	Build Dafny	2025-07-16T10:40:00.8034430Z   Restored /Users/runner/work/dafny/dafny/Source/DafnyCore/DafnyCore.csproj (in 8.23 sec).
build	Build Dafny	2025-07-16T10:40:00.9160530Z   Restored /Users/runner/work/dafny/dafny/Source/DafnyPipeline/DafnyPipeline.csproj (in 47 ms).
build	Build Dafny	2025-07-16T10:40:01.9288990Z   Restored /Users/runner/work/dafny/dafny/Source/DafnyServer/DafnyServer.csproj (in 9.36 sec).
build	Build Dafny	2025-07-16T10:40:03.7457140Z   Restored /Users/runner/work/dafny/dafny/Source/DafnyLanguageServer/DafnyLanguageServer.csproj (in 46 ms).
build	Build Dafny	2025-07-16T10:40:07.0493870Z   Restored /Users/runner/work/dafny/dafny/Source/DafnyRuntime.Tests/DafnyRuntime.Tests.csproj (in 7.96 sec).
build	Build Dafny	2025-07-16T10:40:07.0904680Z   Restored /Users/runner/work/dafny/dafny/Source/DafnyPipeline.Test/DafnyPipeline.Test.csproj (in 14.04 sec).
build	Build Dafny	2025-07-16T10:40:07.3865590Z   Restored /Users/runner/work/dafny/dafny/Source/DafnyDriver/DafnyDriver.csproj (in 82 ms).
build	Build Dafny	2025-07-16T10:40:07.5337700Z   Restored /Users/runner/work/dafny/dafny/Source/DafnyDriver.Test/DafnyDriver.Test.csproj (in 431 ms).
build	Build Dafny	2025-07-16T10:40:07.6340350Z   Restored /Users/runner/work/dafny/dafny/Source/DafnyLanguageServer.Test/DafnyLanguageServer.Test.csproj (in 3.1 sec).
build	Build Dafny	2025-07-16T10:40:07.7346130Z   Restored /Users/runner/work/dafny/dafny/Source/DafnyBenchmarkingPlugin/DafnyBenchmarkingPlugin.csproj (in 36 ms).
build	Build Dafny	2025-07-16T10:40:07.7684220Z   Restored /Users/runner/work/dafny/dafny/Source/Dafny/Dafny.csproj (in 89 ms).
build	Build Dafny	2025-07-16T10:40:07.8264550Z   Restored /Users/runner/work/dafny/dafny/Source/DafnyCore.Test/DafnyCore.Test.csproj (in 350 ms).
build	Build Dafny	2025-07-16T10:40:10.7835080Z   Restored /Users/runner/work/dafny/dafny/Source/TestDafny/TestDafny.csproj (in 2.82 sec).
build	Build Dafny	2025-07-16T10:40:10.8587250Z   Restored /Users/runner/work/dafny/dafny/Source/XUnitExtensions/XUnitExtensions.csproj (in 3.05 sec).
build	Build Dafny	2025-07-16T10:40:11.2599680Z   Restored /Users/runner/work/dafny/dafny/Source/AutoExtern/AutoExtern.csproj (in 3.57 sec).
build	Build Dafny	2025-07-16T10:40:11.2917000Z   Restored /Users/runner/work/dafny/dafny/Source/AutoExtern.Test/AutoExtern.Test.csproj (in 10.32 sec).
build	Build Dafny	2025-07-16T10:40:11.3103940Z   Restored /Users/runner/work/dafny/dafny/Source/DafnyTestGeneration/DafnyTestGeneration.csproj (in 25 ms).
build	Build Dafny	2025-07-16T10:40:11.4166270Z   Restored /Users/runner/work/dafny/dafny/Source/DafnyTestGeneration.Test/DafnyTestGeneration.Test.csproj (in 82 ms).
build	Build Dafny	2025-07-16T10:40:15.0342770Z   Restored /Users/runner/work/dafny/dafny/Source/Scripts/Scripts.csproj (in 4.29 sec).
build	Build Dafny	2025-07-16T10:40:15.0826430Z   Restored /Users/runner/work/dafny/dafny/Source/IntegrationTests/IntegrationTests.csproj (in 4.22 sec).
build	Build Dafny	2025-07-16T10:40:16.2633640Z   Compiling DafnyRuntimeJava to DafnyRuntimeJava/build/libs/DafnyRuntime-4.10.1.jar...
build	Build Dafny	2025-07-16T10:40:16.4711980Z   Compiling DafnyRuntimeJava to DafnyRuntimeJava/build/libs/DafnyRuntime-4.10.1.jar...
build	Build Dafny	2025-07-16T10:40:16.9370270Z   Downloading https://services.gradle.org/distributions/gradle-8.14-bin.zip
build	Build Dafny	2025-07-16T10:40:19.0050360Z   Tool 'cocor' (version '2014.12.25') was restored. Available commands: coco
build	Build Dafny	2025-07-16T10:40:19.0555170Z   Tool 'boogie' (version '3.2.5') was restored. Available commands: boogie
build	Build Dafny	2025-07-16T10:40:19.0965980Z   
build	Build Dafny	2025-07-16T10:40:19.1155320Z   Restore was successful.
build	Build Dafny	2025-07-16T10:40:19.3528000Z   .NET SDK:
build	Build Dafny	2025-07-16T10:40:19.3925890Z    Version:           8.0.412
build	Build Dafny	2025-07-16T10:40:19.4816980Z    Commit:            819e1a9566
build	Build Dafny	2025-07-16T10:40:19.5134980Z    Workload version:  8.0.400-manifests.97a98937
build	Build Dafny	2025-07-16T10:40:19.5321580Z    MSBuild version:   17.11.31+933b72e36
build	Build Dafny	2025-07-16T10:40:19.6200480Z   
build	Build Dafny	2025-07-16T10:40:19.6437830Z   Runtime Environment:
build	Build Dafny	2025-07-16T10:40:19.6543020Z    OS Name:     Mac OS X
build	Build Dafny	2025-07-16T10:40:19.6545230Z    OS Version:  13.7
build	Build Dafny	2025-07-16T10:40:19.7505180Z    OS Platform: Darwin
build	Build Dafny	2025-07-16T10:40:19.8507910Z    RID:         osx-x64
build	Build Dafny	2025-07-16T10:40:19.9511570Z    Base Path:   /Users/runner/.dotnet/sdk/8.0.412/
build	Build Dafny	2025-07-16T10:40:20.0144970Z   
build	Build Dafny	2025-07-16T10:40:20.1148380Z   .NET workloads installed:
build	Build Dafny	2025-07-16T10:40:20.2152630Z   Configured to use loose manifests when installing new manifests.
build	Build Dafny	2025-07-16T10:40:20.2737040Z   There are no installed workloads to display.
build	Build Dafny	2025-07-16T10:40:20.3499400Z   
build	Build Dafny	2025-07-16T10:40:20.3866340Z   Host:
build	Build Dafny	2025-07-16T10:40:20.4104360Z     Version:      9.0.7
build	Build Dafny	2025-07-16T10:40:20.5108190Z     Architecture: x64
build	Build Dafny	2025-07-16T10:40:20.6111210Z     Commit:       3c298d9f00
build	Build Dafny	2025-07-16T10:40:20.7108830Z   
build	Build Dafny	2025-07-16T10:40:20.7923850Z   .NET SDKs installed:
build	Build Dafny	2025-07-16T10:40:20.8929270Z     8.0.101 [/Users/runner/.dotnet/sdk]
build	Build Dafny	2025-07-16T10:40:20.9930340Z     8.0.204 [/Users/runner/.dotnet/sdk]
build	Build Dafny	2025-07-16T10:40:21.0406820Z     8.0.303 [/Users/runner/.dotnet/sdk]
build	Build Dafny	2025-07-16T10:40:21.1265060Z     8.0.412 [/Users/runner/.dotnet/sdk]
build	Build Dafny	2025-07-16T10:40:21.1693770Z     9.0.102 [/Users/runner/.dotnet/sdk]
build	Build Dafny	2025-07-16T10:40:21.2696630Z     9.0.203 [/Users/runner/.dotnet/sdk]
build	Build Dafny	2025-07-16T10:40:21.3700480Z     9.0.302 [/Users/runner/.dotnet/sdk]
build	Build Dafny	2025-07-16T10:40:21.4503890Z   
build	Build Dafny	2025-07-16T10:40:21.5082030Z   .NET runtimes installed:
build	Build Dafny	2025-07-16T10:40:21.5427880Z     Microsoft.AspNetCore.App 8.0.1 [/Users/runner/.dotnet/shared/Microsoft.AspNetCore.App]
build	Build Dafny	2025-07-16T10:40:21.6434490Z     Microsoft.AspNetCore.App 8.0.4 [/Users/runner/.dotnet/shared/Microsoft.AspNetCore.App]
build	Build Dafny	2025-07-16T10:40:21.7436720Z     Microsoft.AspNetCore.App 8.0.7 [/Users/runner/.dotnet/shared/Microsoft.AspNetCore.App]
build	Build Dafny	2025-07-16T10:40:21.7724130Z     Microsoft.AspNetCore.App 8.0.18 [/Users/runner/.dotnet/shared/Microsoft.AspNetCore.App]
build	Build Dafny	2025-07-16T10:40:21.7803350Z     Microsoft.AspNetCore.App 9.0.1 [/Users/runner/.dotnet/shared/Microsoft.AspNetCore.App]
build	Build Dafny	2025-07-16T10:40:21.7951690Z     Microsoft.AspNetCore.App 9.0.4 [/Users/runner/.dotnet/shared/Microsoft.AspNetCore.App]
build	Build Dafny	2025-07-16T10:40:21.8601680Z     Microsoft.AspNetCore.App 9.0.7 [/Users/runner/.dotnet/shared/Microsoft.AspNetCore.App]
build	Build Dafny	2025-07-16T10:40:21.8860480Z     Microsoft.NETCore.App 8.0.1 [/Users/runner/.dotnet/shared/Microsoft.NETCore.App]
build	Build Dafny	2025-07-16T10:40:21.9149580Z     Microsoft.NETCore.App 8.0.4 [/Users/runner/.dotnet/shared/Microsoft.NETCore.App]
build	Build Dafny	2025-07-16T10:40:22.0151390Z     Microsoft.NETCore.App 8.0.7 [/Users/runner/.dotnet/shared/Microsoft.NETCore.App]
build	Build Dafny	2025-07-16T10:40:22.1151800Z     Microsoft.NETCore.App 8.0.18 [/Users/runner/.dotnet/shared/Microsoft.NETCore.App]
build	Build Dafny	2025-07-16T10:40:22.1802790Z     Microsoft.NETCore.App 9.0.1 [/Users/runner/.dotnet/shared/Microsoft.NETCore.App]
build	Build Dafny	2025-07-16T10:40:22.2804270Z     Microsoft.NETCore.App 9.0.4 [/Users/runner/.dotnet/shared/Microsoft.NETCore.App]
build	Build Dafny	2025-07-16T10:40:22.2998010Z     Microsoft.NETCore.App 9.0.7 [/Users/runner/.dotnet/shared/Microsoft.NETCore.App]
build	Build Dafny	2025-07-16T10:40:22.3670080Z   
build	Build Dafny	2025-07-16T10:40:22.4155560Z   Other architectures found:
build	Build Dafny	2025-07-16T10:40:22.5157470Z     None
build	Build Dafny	2025-07-16T10:40:22.6160500Z   
build	Build Dafny	2025-07-16T10:40:22.7162500Z   Environment variables:
build	Build Dafny	2025-07-16T10:40:22.7715720Z     DOTNET_ROOT       [/Users/runner/.dotnet]
build	Build Dafny	2025-07-16T10:40:22.7952500Z   
build	Build Dafny	2025-07-16T10:40:22.8390450Z   global.json file:
build	Build Dafny	2025-07-16T10:40:22.8811980Z     /Users/runner/work/dafny/dafny/global.json
build	Build Dafny	2025-07-16T10:40:22.9044310Z   
build	Build Dafny	2025-07-16T10:40:22.9155490Z   Learn more:
build	Build Dafny	2025-07-16T10:40:22.9955150Z     https://aka.ms/dotnet/info
build	Build Dafny	2025-07-16T10:40:23.0309090Z   
build	Build Dafny	2025-07-16T10:40:23.1312420Z   Download .NET:
build	Build Dafny	2025-07-16T10:40:23.1655650Z     https://aka.ms/dotnet/download
build	Build Dafny	2025-07-16T10:40:23.2310160Z   Coco/R (Apr 19, 2011)
build	Build Dafny	2025-07-16T10:40:23.2568220Z   checking
build	Build Dafny	2025-07-16T10:40:23.2764870Z     AtAttributes deletable
build	Build Dafny	2025-07-16T10:40:23.2971140Z     OldSemi deletable
build	Build Dafny	2025-07-16T10:40:23.3081490Z     WitnessClause deletable
build	Build Dafny	2025-07-16T10:40:23.3473550Z     ParameterDefaultValue deletable
build	Build Dafny	2025-07-16T10:40:23.3625530Z     IteratorSpec deletable
build	Build Dafny	2025-07-16T10:40:23.3734310Z     MethodSpec deletable
build	Build Dafny	2025-07-16T10:40:23.4063680Z     OptGenericInstantiation deletable
build	Build Dafny	2025-07-16T10:40:23.4214850Z     FunctionSpec deletable
build	Build Dafny	2025-07-16T10:40:23.4719210Z     LoopSpec deletable
build	Build Dafny	2025-07-16T10:40:23.5153510Z     ForallStatementEnsuresAndBody deletable
build	Build Dafny	2025-07-16T10:40:23.5957420Z     LambdaSpec deletable
build	Build Dafny	2025-07-16T10:40:23.6362260Z     DecreasesToExpressionList deletable
build	Build Dafny	2025-07-16T10:40:23.6789600Z     LL1 warning in FrameExpression: backtick is start of several alternatives
build	Build Dafny	2025-07-16T10:40:23.7791660Z     LL1 warning in FrameExpression: backtick is start & successor of deletable structure
build	Build Dafny	2025-07-16T10:40:23.8795360Z     LL1 warning in NamedType: dot is start & successor of deletable structure
build	Build Dafny	2025-07-16T10:40:23.9795960Z     LL1 warning in OneStmt: opaque is start of several alternatives
build	Build Dafny	2025-07-16T10:40:24.0327070Z     LL1 warning in AssignStatement: lbracecolon is start of several alternatives
build	Build Dafny	2025-07-16T10:40:24.0517180Z     LL1 warning in AssignStatement: ":-" is start of several alternatives
build	Build Dafny	2025-07-16T10:40:24.1516720Z     LL1 warning in LabeledStmt: "label" is start & successor of deletable structure
build	Build Dafny	2025-07-16T10:40:24.2517610Z     LL1 warning in LabeledStmt: opaque is start of several alternatives
build	Build Dafny	2025-07-16T10:40:24.3523510Z     LL1 warning in LabeledStmt: lbrace is start of several alternatives
build	Build Dafny	2025-07-16T10:40:24.4527420Z     LL1 warning in LabeledStmt: "if" is start of several alternatives
build	Build Dafny	2025-07-16T10:40:24.5044250Z     LL1 warning in LabeledStmt: "while" is start of several alternatives
build	Build Dafny	2025-07-16T10:40:24.5341220Z     LL1 warning in LabeledStmt: "for" is start of several alternatives
build	Build Dafny	2025-07-16T10:40:24.5530620Z     LL1 warning in Lhs: dot is start & successor of deletable structure
build	Build Dafny	2025-07-16T10:40:24.6535360Z     LL1 warning in Lhs: backtick is start & successor of deletable structure
build	Build Dafny	2025-07-16T10:40:24.7543530Z     LL1 warning in Lhs: openparen is start & successor of deletable structure
build	Build Dafny	2025-07-16T10:40:24.8544770Z     LL1 warning in Lhs: dot is start & successor of deletable structure
build	Build Dafny	2025-07-16T10:40:24.9546330Z     LL1 warning in Lhs: backtick is start & successor of deletable structure
build	Build Dafny	2025-07-16T10:40:25.0069680Z     LL1 warning in Lhs: openparen is start & successor of deletable structure
build	Build Dafny	2025-07-16T10:40:25.0247070Z     LL1 warning in PossiblyNegatedLiteralExpr: digits is start of several alternatives
build	Build Dafny	2025-07-16T10:40:25.0458270Z     LL1 warning in PrimaryExpression: reveal is start of several alternatives
build	Build Dafny	2025-07-16T10:40:25.1462240Z     LL1 warning in PrimaryExpression: hide is start of several alternatives
build	Build Dafny	2025-07-16T10:40:25.1764170Z     LL1 warning in LiteralExpression: digits is start of several alternatives
build	Build Dafny	2025-07-16T10:40:25.2133450Z   parser + scanner generated
build	Build Dafny	2025-07-16T10:40:25.2427250Z   0 errors detected
build	Build Dafny	2025-07-16T10:40:26.0281290Z   .............10%.............20%.............30%.............40%.............50%.............60%.............70%.............80%.............90%..............100%
build	Build Dafny	2025-07-16T10:40:32.6914150Z   AutoExtern -> /Users/runner/work/dafny/dafny/Source/AutoExtern/bin/Debug/net8.0/AutoExtern.dll
build	Build Dafny	2025-07-16T10:40:32.7137290Z   XUnitExtensions -> /Users/runner/work/dafny/dafny/Source/XUnitExtensions/bin/Debug/net8.0/XUnitExtensions.dll
build	Build Dafny	2025-07-16T10:40:32.9925990Z   
build	Build Dafny	2025-07-16T10:40:33.0181680Z   Welcome to Gradle 8.14!
build	Build Dafny	2025-07-16T10:40:33.0268080Z   
build	Build Dafny	2025-07-16T10:40:33.0406940Z   Here are the highlights of this release:
build	Build Dafny	2025-07-16T10:40:33.0712570Z    - Java 24 support
build	Build Dafny	2025-07-16T10:40:33.0845180Z    - GraalVM Native Image toolchain selection
build	Build Dafny	2025-07-16T10:40:33.0922350Z    - Enhancements to test reporting
build	Build Dafny	2025-07-16T10:40:33.1007260Z    - Build Authoring improvements
build	Build Dafny	2025-07-16T10:40:33.1033380Z   
build	Build Dafny	2025-07-16T10:40:33.1168520Z   For more details see https://docs.gradle.org/8.14/release-notes.html
build	Build Dafny	2025-07-16T10:40:33.1309640Z   
build	Build Dafny	2025-07-16T10:40:33.6191510Z   Starting a Gradle Daemon (subsequent builds will be faster)
build	Build Dafny	2025-07-16T10:40:33.7561730Z   Starting a Gradle Daemon (subsequent builds will be faster)
build	Build Dafny	2025-07-16T10:41:16.6977620Z   > Task :compileJava
build	Build Dafny	2025-07-16T10:41:16.7107390Z   > Task :processResources NO-SOURCE
build	Build Dafny	2025-07-16T10:41:16.7155200Z   > Task :classes
build	Build Dafny	2025-07-16T10:41:16.7381720Z   > Task :jar
build	Build Dafny	2025-07-16T10:41:17.1769880Z   > Task :compileJava
build	Build Dafny	2025-07-16T10:41:17.1904430Z   > Task :processResources NO-SOURCE
build	Build Dafny	2025-07-16T10:41:17.2077690Z   > Task :classes
build	Build Dafny	2025-07-16T10:41:17.2467340Z   > Task :jar UP-TO-DATE
build	Build Dafny	2025-07-16T10:41:25.4358960Z   > Task :javadoc
build	Build Dafny	2025-07-16T10:41:25.7598890Z   > Task :javadocJar
build	Build Dafny	2025-07-16T10:41:25.7625260Z   > Task :sourcesJar
build	Build Dafny	2025-07-16T10:41:25.7630590Z   > Task :assemble
build	Build Dafny	2025-07-16T10:41:26.2660860Z   > Task :javadoc
build	Build Dafny	2025-07-16T10:41:26.2691130Z   > Task :javadocJar UP-TO-DATE
build	Build Dafny	2025-07-16T10:41:26.2749830Z   > Task :sourcesJar UP-TO-DATE
build	Build Dafny	2025-07-16T10:41:26.2759570Z   > Task :assemble UP-TO-DATE
build	Build Dafny	2025-07-16T10:41:29.2900470Z   > Task :compileTestJava
build	Build Dafny	2025-07-16T10:41:29.3020320Z   > Task :processTestResources NO-SOURCE
build	Build Dafny	2025-07-16T10:41:29.3112140Z   > Task :testClasses
build	Build Dafny	2025-07-16T10:41:29.6376090Z   > Task :compileTestJava
build	Build Dafny	2025-07-16T10:41:29.7379470Z   > Task :processTestResources NO-SOURCE
build	Build Dafny	2025-07-16T10:41:29.8381020Z   > Task :testClasses
build	Build Dafny	2025-07-16T10:41:31.8494300Z   > Task :test
build	Build Dafny	2025-07-16T10:41:31.8689500Z   > Task :check
build	Build Dafny	2025-07-16T10:41:31.8742770Z   > Task :build
build	Build Dafny	2025-07-16T10:41:32.0096680Z   
build	Build Dafny	2025-07-16T10:41:32.0789660Z   [Incubating] Problems report is available at: file:///Users/runner/work/dafny/dafny/Source/DafnyRuntime/DafnyRuntimeJava/build/reports/problems/problems-report.html
build	Build Dafny	2025-07-16T10:41:32.0791550Z   
build	Build Dafny	2025-07-16T10:41:32.0984560Z   Deprecated Gradle features were used in this build, making it incompatible with Gradle 9.0.
build	Build Dafny	2025-07-16T10:41:32.1064160Z   
build	Build Dafny	2025-07-16T10:41:32.1098040Z   You can use '--warning-mode all' to show the individual deprecation warnings and determine if they come from your own scripts or plugins.
build	Build Dafny	2025-07-16T10:41:32.1125340Z   
build	Build Dafny	2025-07-16T10:41:32.1135360Z   For more on this, please refer to https://docs.gradle.org/8.14/userguide/command_line_interface.html#sec:command_line_warnings in the Gradle documentation.
build	Build Dafny	2025-07-16T10:41:32.1162710Z   
build	Build Dafny	2025-07-16T10:41:32.1184580Z   BUILD SUCCESSFUL in 1m 15s
build	Build Dafny	2025-07-16T10:41:32.1191630Z   7 actionable tasks: 7 executed
build	Build Dafny	2025-07-16T10:41:32.1220860Z   > Task :test
build	Build Dafny	2025-07-16T10:41:32.1251030Z   > Task :check
build	Build Dafny	2025-07-16T10:41:32.1263830Z   > Task :build
build	Build Dafny	2025-07-16T10:41:32.2693530Z   
build	Build Dafny	2025-07-16T10:41:32.2740870Z   [Incubating] Problems report is available at: file:///Users/runner/work/dafny/dafny/Source/DafnyRuntime/DafnyRuntimeJava/build/reports/problems/problems-report.html
build	Build Dafny	2025-07-16T10:41:32.2815430Z   
build	Build Dafny	2025-07-16T10:41:32.3078750Z   Deprecated Gradle features were used in this build, making it incompatible with Gradle 9.0.
build	Build Dafny	2025-07-16T10:41:32.3242750Z   
build	Build Dafny	2025-07-16T10:41:32.3369260Z   You can use '--warning-mode all' to show the individual deprecation warnings and determine if they come from your own scripts or plugins.
build	Build Dafny	2025-07-16T10:41:32.3370610Z   
build	Build Dafny	2025-07-16T10:41:32.3452900Z   For more on this, please refer to https://docs.gradle.org/8.14/userguide/command_line_interface.html#sec:command_line_warnings in the Gradle documentation.
build	Build Dafny	2025-07-16T10:41:32.3498550Z   
build	Build Dafny	2025-07-16T10:41:32.3527510Z   BUILD SUCCESSFUL in 1m 15s
build	Build Dafny	2025-07-16T10:41:32.3565980Z   7 actionable tasks: 4 executed, 3 up-to-date
build	Build Dafny	2025-07-16T10:41:35.4013290Z   DafnyRuntime -> /Users/runner/work/dafny/dafny/Binaries/netstandard2.0/DafnyRuntime.dll
build	Build Dafny	2025-07-16T10:41:35.6312640Z   DafnyRuntime -> /Users/runner/work/dafny/dafny/Binaries/net452/DafnyRuntime.dll
build	Build Dafny	2025-07-16T10:41:39.1372200Z   DafnyRuntime.Tests -> /Users/runner/work/dafny/dafny/Source/DafnyRuntime.Tests/bin/Debug/net8.0/DafnyRuntime.Tests.dll
build	Build Dafny	2025-07-16T10:41:39.5312750Z   Compiling DafnyRuntimeJava to DafnyRuntimeJava/build/libs/DafnyRuntime-4.10.1.jar...
build	Build Dafny	2025-07-16T10:41:43.2060980Z   > Task :compileJava UP-TO-DATE
build	Build Dafny	2025-07-16T10:41:43.2173440Z   > Task :processResources NO-SOURCE
build	Build Dafny	2025-07-16T10:41:43.2273370Z   > Task :classes UP-TO-DATE
build	Build Dafny	2025-07-16T10:41:43.2332270Z   > Task :jar UP-TO-DATE
build	Build Dafny	2025-07-16T10:41:43.2366990Z   > Task :javadoc UP-TO-DATE
build	Build Dafny	2025-07-16T10:41:43.2368210Z   > Task :javadocJar UP-TO-DATE
build	Build Dafny	2025-07-16T10:41:43.2427030Z   > Task :sourcesJar UP-TO-DATE
build	Build Dafny	2025-07-16T10:41:43.2773150Z   > Task :assemble UP-TO-DATE
build	Build Dafny	2025-07-16T10:41:43.3775920Z   > Task :compileTestJava UP-TO-DATE
build	Build Dafny	2025-07-16T10:41:43.3937700Z   > Task :processTestResources NO-SOURCE
build	Build Dafny	2025-07-16T10:41:43.4941680Z   > Task :testClasses UP-TO-DATE
build	Build Dafny	2025-07-16T10:41:43.5945400Z   > Task :test UP-TO-DATE
build	Build Dafny	2025-07-16T10:41:43.6526270Z   > Task :check UP-TO-DATE
build	Build Dafny	2025-07-16T10:41:43.6744380Z   > Task :build UP-TO-DATE
build	Build Dafny	2025-07-16T10:41:43.7423620Z   
build	Build Dafny	2025-07-16T10:41:43.7525350Z   [Incubating] Problems report is available at: file:///Users/runner/work/dafny/dafny/Source/DafnyRuntime/DafnyRuntimeJava/build/reports/problems/problems-report.html
build	Build Dafny	2025-07-16T10:41:43.7615840Z   
build	Build Dafny	2025-07-16T10:41:43.7816200Z   Deprecated Gradle features were used in this build, making it incompatible with Gradle 9.0.
build	Build Dafny	2025-07-16T10:41:43.8008960Z   
build	Build Dafny	2025-07-16T10:41:43.8218670Z   You can use '--warning-mode all' to show the individual deprecation warnings and determine if they come from your own scripts or plugins.
build	Build Dafny	2025-07-16T10:41:43.8400120Z   
build	Build Dafny	2025-07-16T10:41:43.8586020Z   For more on this, please refer to https://docs.gradle.org/8.14/userguide/command_line_interface.html#sec:command_line_warnings in the Gradle documentation.
build	Build Dafny	2025-07-16T10:41:43.8701870Z   
build	Build Dafny	2025-07-16T10:41:43.8807220Z   BUILD SUCCESSFUL in 3s
build	Build Dafny	2025-07-16T10:41:43.8908070Z   7 actionable tasks: 7 up-to-date
build	Build Dafny	2025-07-16T10:41:43.9369850Z   Compiling DafnyRuntimeJava to DafnyRuntimeJava/build/libs/DafnyRuntime-4.10.1.jar...
build	Build Dafny	2025-07-16T10:41:47.4941000Z   > Task :compileJava UP-TO-DATE
build	Build Dafny	2025-07-16T10:41:47.5165980Z   > Task :processResources NO-SOURCE
build	Build Dafny	2025-07-16T10:41:47.5459260Z   > Task :classes UP-TO-DATE
build	Build Dafny	2025-07-16T10:41:47.5523840Z   > Task :jar UP-TO-DATE
build	Build Dafny	2025-07-16T10:41:47.5618070Z   > Task :javadoc UP-TO-DATE
build	Build Dafny	2025-07-16T10:41:47.5654350Z   > Task :javadocJar UP-TO-DATE
build	Build Dafny	2025-07-16T10:41:47.5797980Z   > Task :sourcesJar UP-TO-DATE
build	Build Dafny	2025-07-16T10:41:47.5829420Z   > Task :assemble UP-TO-DATE
build	Build Dafny	2025-07-16T10:41:47.6816360Z   > Task :compileTestJava UP-TO-DATE
build	Build Dafny	2025-07-16T10:41:47.6834740Z   > Task :processTestResources NO-SOURCE
build	Build Dafny	2025-07-16T10:41:47.6841040Z   > Task :testClasses UP-TO-DATE
build	Build Dafny	2025-07-16T10:41:47.6846990Z   > Task :test UP-TO-DATE
build	Build Dafny	2025-07-16T10:41:47.6852200Z   > Task :check UP-TO-DATE
build	Build Dafny	2025-07-16T10:41:47.6857380Z   > Task :build UP-TO-DATE
build	Build Dafny	2025-07-16T10:41:47.6868930Z   
build	Build Dafny	2025-07-16T10:41:47.6875750Z   [Incubating] Problems report is available at: file:///Users/runner/work/dafny/dafny/Source/DafnyRuntime/DafnyRuntimeJava/build/reports/problems/problems-report.html
build	Build Dafny	2025-07-16T10:41:47.6883520Z   
build	Build Dafny	2025-07-16T10:41:47.6890550Z   Deprecated Gradle features were used in this build, making it incompatible with Gradle 9.0.
build	Build Dafny	2025-07-16T10:41:47.6904250Z   
build	Build Dafny	2025-07-16T10:41:47.7432250Z   You can use '--warning-mode all' to show the individual deprecation warnings and determine if they come from your own scripts or plugins.
build	Build Dafny	2025-07-16T10:41:47.8435970Z   
build	Build Dafny	2025-07-16T10:41:47.8920800Z   For more on this, please refer to https://docs.gradle.org/8.14/userguide/command_line_interface.html#sec:command_line_warnings in the Gradle documentation.
build	Build Dafny	2025-07-16T10:41:47.9042270Z   
build	Build Dafny	2025-07-16T10:41:47.9129030Z   BUILD SUCCESSFUL in 3s
build	Build Dafny	2025-07-16T10:41:47.9254740Z   7 actionable tasks: 7 up-to-date
build	Build Dafny	2025-07-16T10:41:48.4599340Z   The package DafnyRuntime.4.10.1 is missing a readme. Go to https://aka.ms/nuget/authoring-best-practices/readme to learn why package readmes are important.
build	Build Dafny	2025-07-16T10:41:48.4669220Z   Successfully created package '/Users/runner/work/dafny/dafny/Binaries/DafnyRuntime.4.10.1.nupkg'.
build	Build Dafny	2025-07-16T10:42:55.2347340Z   DafnyCore -> /Users/runner/work/dafny/dafny/Binaries/net8.0/DafnyCore.dll
build	Build Dafny	2025-07-16T10:42:56.2612780Z   DafnyPipeline -> /Users/runner/work/dafny/dafny/Binaries/DafnyPipeline.dll
build	Build Dafny	2025-07-16T10:42:57.2830900Z   The package DafnyCore.4.10.1 is missing a readme. Go to https://aka.ms/nuget/authoring-best-practices/readme to learn why package readmes are important.
build	Build Dafny	2025-07-16T10:42:57.3749470Z   Successfully created package '/Users/runner/work/dafny/dafny/Binaries/DafnyCore.4.10.1.nupkg'.
build	Build Dafny	2025-07-16T10:42:58.6408480Z   Scripts -> /Users/runner/work/dafny/dafny/Source/Scripts/bin/Debug/net8.0/Scripts.dll
build	Build Dafny	2025-07-16T10:43:01.5433870Z   DafnyCore.Test -> /Users/runner/work/dafny/dafny/Source/DafnyCore.Test/bin/Debug/net8.0/DafnyCore.Test.dll
build	Build Dafny	2025-07-16T10:43:03.0889320Z   DafnyBenchmarkingPlugin -> /Users/runner/work/dafny/dafny/Binaries/net8.0/DafnyBenchmarkingPlugin.dll
build	Build Dafny	2025-07-16T10:43:09.2247190Z   DafnyLanguageServer -> /Users/runner/work/dafny/dafny/Binaries/DafnyLanguageServer.dll
build	Build Dafny	2025-07-16T10:43:09.6277380Z   The package DafnyPipeline.4.10.1 is missing a readme. Go to https://aka.ms/nuget/authoring-best-practices/readme to learn why package readmes are important.
build	Build Dafny	2025-07-16T10:43:09.6290600Z   Successfully created package '/Users/runner/work/dafny/dafny/Binaries/DafnyPipeline.4.10.1.nupkg'.
build	Build Dafny	2025-07-16T10:43:13.1521360Z   DafnyTestGeneration -> /Users/runner/work/dafny/dafny/Binaries/net8.0/DafnyTestGeneration.dll
build	Build Dafny	2025-07-16T10:43:14.1231040Z   DafnyServer -> /Users/runner/work/dafny/dafny/Binaries/net8.0/DafnyServer.dll
build	Build Dafny	2025-07-16T10:43:17.3910250Z   DafnyDriver -> /Users/runner/work/dafny/dafny/Binaries/net8.0/DafnyDriver.dll
build	Build Dafny	2025-07-16T10:43:17.9461990Z   DafnyDriver.Test -> /Users/runner/work/dafny/dafny/Source/DafnyDriver.Test/bin/Debug/net8.0/DafnyDriver.Test.dll
build	Build Dafny	2025-07-16T10:43:18.2778540Z   Dafny -> /Users/runner/work/dafny/dafny/Binaries/Dafny.dll
build	Build Dafny	2025-07-16T10:43:19.0848260Z   TestDafny -> /Users/runner/work/dafny/dafny/Source/TestDafny/bin/Debug/net8.0/TestDafny.dll
build	Build Dafny	2025-07-16T10:43:21.6035630Z   IntegrationTests -> /Users/runner/work/dafny/dafny/Source/IntegrationTests/bin/Debug/net8.0/IntegrationTests.dll
build	Build Dafny	2025-07-16T10:43:23.3424630Z   DafnyPipeline.Test -> /Users/runner/work/dafny/dafny/Source/DafnyPipeline.Test/bin/Debug/net8.0/DafnyPipeline.Test.dll
build	Build Dafny	2025-07-16T10:43:24.5774850Z   DafnyTestGeneration.Test -> /Users/runner/work/dafny/dafny/Source/DafnyTestGeneration.Test/bin/Debug/net8.0/DafnyTestGeneration.Test.dll
build	Build Dafny	2025-07-16T10:43:24.7047950Z   AutoExtern.Test -> /Users/runner/work/dafny/dafny/Source/AutoExtern.Test/bin/Debug/net8.0/AutoExtern.Test.dll
build	Build Dafny	2025-07-16T10:43:32.3140600Z   DafnyLanguageServer.Test -> /Users/runner/work/dafny/dafny/Source/DafnyLanguageServer.Test/bin/Debug/net8.0/DafnyLanguageServer.Test.dll
build	Build Dafny	2025-07-16T10:43:32.4466690Z 
build	Build Dafny	2025-07-16T10:43:32.4603010Z Build succeeded.
build	Build Dafny	2025-07-16T10:43:32.4636390Z     0 Warning(s)
build	Build Dafny	2025-07-16T10:43:32.4686170Z     0 Error(s)
build	Build Dafny	2025-07-16T10:43:32.5021520Z 
build	Build Dafny	2025-07-16T10:43:32.5120510Z Time Elapsed 00:03:45.84
build	Get Z3	﻿2025-07-16T10:43:32.5821070Z ##[group]Run make z3-mac
build	Get Z3	2025-07-16T10:43:32.5822700Z [36;1mmake z3-mac[0m
build	Get Z3	2025-07-16T10:43:32.6122570Z shell: /bin/bash -e {0}
build	Get Z3	2025-07-16T10:43:32.6125470Z env:
build	Get Z3	2025-07-16T10:43:32.6126330Z   JAVA_HOME: /Users/runner/hostedtoolcache/Java_Corretto_jdk/18.0.2-9.1/x64/Contents/Home
build	Get Z3	2025-07-16T10:43:32.6129630Z   JAVA_HOME_18_X64: /Users/runner/hostedtoolcache/Java_Corretto_jdk/18.0.2-9.1/x64/Contents/Home
build	Get Z3	2025-07-16T10:43:32.6130840Z ##[endgroup]
build	Get Z3	2025-07-16T10:43:34.8732870Z mkdir -p "/Users/runner/work/dafny/dafny"/Binaries/z3/bin
build	Get Z3	2025-07-16T10:43:34.8893040Z curl -L -O https://github.com/dafny-lang/solver-builds/releases/download/snapshot-2025-07-02/z3-4.14.1-x64-macos-13-bin.zip
build	Get Z3	2025-07-16T10:43:34.9841140Z   % Total    % Received % Xferd  Average Speed   Time    Time     Time  Current
build	Get Z3	2025-07-16T10:43:34.9867010Z                                  Dload  Upload   Total   Spent    Left  Speed
build	Get Z3	2025-07-16T10:43:34.9873110Z 
build	Get Z3	2025-07-16T10:43:35.3262200Z   0     0    0     0    0     0      0      0 --:--:-- --:--:-- --:--:--     0
build	Get Z3	2025-07-16T10:43:35.3299830Z   0     0    0     0    0     0      0      0 --:--:-- --:--:-- --:--:--     0
build	Get Z3	2025-07-16T10:43:35.5487080Z 
build	Get Z3	2025-07-16T10:43:35.5487840Z unzip z3-4.14.1-x64-macos-13-bin.zip
build	Get Z3	2025-07-16T10:43:35.5621380Z 100 9751k  100 9751k    0     0  17.0M      0 --:--:-- --:--:-- --:--:-- 17.0M
build	Get Z3	2025-07-16T10:43:35.5914710Z Archive:  z3-4.14.1-x64-macos-13-bin.zip
build	Get Z3	2025-07-16T10:43:35.9655470Z   inflating: z3-4.14.1               
build	Get Z3	2025-07-16T10:43:35.9708210Z rm z3-4.14.1-x64-macos-13-bin.zip
build	Get Z3	2025-07-16T10:43:36.0315090Z curl -L -O https://github.com/dafny-lang/solver-builds/releases/download/snapshot-2025-07-02/z3-4.12.1-x64-macos-13-bin.zip
build	Get Z3	2025-07-16T10:43:36.1639980Z   % Total    % Received % Xferd  Average Speed   Time    Time     Time  Current
build	Get Z3	2025-07-16T10:43:36.1741880Z                                  Dload  Upload   Total   Spent    Left  Speed
build	Get Z3	2025-07-16T10:43:36.1792930Z 
build	Get Z3	2025-07-16T10:43:36.4825520Z   0     0    0     0    0     0      0      0 --:--:-- --:--:-- --:--:--     0
build	Get Z3	2025-07-16T10:43:36.4852410Z   0     0    0     0    0     0      0      0 --:--:-- --:--:-- --:--:--     0
build	Get Z3	2025-07-16T10:43:36.6416130Z 
build	Get Z3	2025-07-16T10:43:36.7315930Z   1 8999k    1 96870    0     0   198k      0  0:00:45 --:--:--  0:00:45  198k
build	Get Z3	2025-07-16T10:43:36.7362080Z 100 8999k  100 8999k    0     0  15.4M      0 --:--:-- --:--:-- --:--:-- 93.5M
build	Get Z3	2025-07-16T10:43:36.7420710Z unzip z3-4.12.1-x64-macos-13-bin.zip
build	Get Z3	2025-07-16T10:43:36.7673790Z Archive:  z3-4.12.1-x64-macos-13-bin.zip
build	Get Z3	2025-07-16T10:43:36.9967220Z   inflating: z3-4.12.1               
build	Get Z3	2025-07-16T10:43:37.0913700Z rm z3-4.12.1-x64-macos-13-bin.zip
build	Get Z3	2025-07-16T10:43:37.1263690Z mv z3-* "/Users/runner/work/dafny/dafny"/Binaries/z3/bin/
build	Get Z3	2025-07-16T10:43:37.1370440Z chmod +x "/Users/runner/work/dafny/dafny"/Binaries/z3/bin/z3-*
build	Run npm install bignumber.js	﻿2025-07-16T10:43:37.1507590Z ##[group]Run npm install bignumber.js
build	Run npm install bignumber.js	2025-07-16T10:43:37.1508670Z [36;1mnpm install bignumber.js[0m
build	Run npm install bignumber.js	2025-07-16T10:43:37.1714140Z shell: /bin/bash -e {0}
build	Run npm install bignumber.js	2025-07-16T10:43:37.1715000Z env:
build	Run npm install bignumber.js	2025-07-16T10:43:37.1716420Z   JAVA_HOME: /Users/runner/hostedtoolcache/Java_Corretto_jdk/18.0.2-9.1/x64/Contents/Home
build	Run npm install bignumber.js	2025-07-16T10:43:37.1717830Z   JAVA_HOME_18_X64: /Users/runner/hostedtoolcache/Java_Corretto_jdk/18.0.2-9.1/x64/Contents/Home
build	Run npm install bignumber.js	2025-07-16T10:43:37.1719260Z ##[endgroup]
build	Run npm install bignumber.js	2025-07-16T10:43:38.7536330Z 
build	Run npm install bignumber.js	2025-07-16T10:43:38.7699120Z added 1 package in 1s
build	Test DafnyStandardLibraries	﻿2025-07-16T10:43:38.7980890Z ##[group]Run make -C Source/DafnyStandardLibraries all
build	Test DafnyStandardLibraries	2025-07-16T10:43:38.7981940Z [36;1mmake -C Source/DafnyStandardLibraries all[0m
build	Test DafnyStandardLibraries	2025-07-16T10:43:38.8124070Z shell: /bin/bash -e {0}
build	Test DafnyStandardLibraries	2025-07-16T10:43:38.8124670Z env:
build	Test DafnyStandardLibraries	2025-07-16T10:43:38.8125500Z   JAVA_HOME: /Users/runner/hostedtoolcache/Java_Corretto_jdk/18.0.2-9.1/x64/Contents/Home
build	Test DafnyStandardLibraries	2025-07-16T10:43:38.8126910Z   JAVA_HOME_18_X64: /Users/runner/hostedtoolcache/Java_Corretto_jdk/18.0.2-9.1/x64/Contents/Home
build	Test DafnyStandardLibraries	2025-07-16T10:43:38.8127980Z ##[endgroup]
build	Test DafnyStandardLibraries	2025-07-16T10:43:38.8865230Z dotnet run --project ../Dafny --no-build --roll-forward LatestMajor -- build -t:lib --hidden-no-verify=false  src/Std/dfyconfig.toml --output:build/DafnyStandardLibraries.doo
build	Test DafnyStandardLibraries	2025-07-16T10:58:16.2678720Z 
build	Test DafnyStandardLibraries	2025-07-16T10:58:16.2680480Z Dafny program verifier finished with 2305 verified, 0 errors
build	Test DafnyStandardLibraries	2025-07-16T10:58:17.1375540Z unzip -o build/DafnyStandardLibraries.doo -d build/current
build	Test DafnyStandardLibraries	2025-07-16T10:58:17.1475160Z Archive:  build/DafnyStandardLibraries.doo
build	Test DafnyStandardLibraries	2025-07-16T10:58:17.1491310Z   inflating: build/current/manifest.toml  
build	Test DafnyStandardLibraries	2025-07-16T10:58:17.1526590Z   inflating: build/current/program   
build	Test DafnyStandardLibraries	2025-07-16T10:58:17.1532520Z unzip -o binaries/DafnyStandardLibraries.doo -d build/previous
build	Test DafnyStandardLibraries	2025-07-16T10:58:17.1600610Z Archive:  binaries/DafnyStandardLibraries.doo
build	Test DafnyStandardLibraries	2025-07-16T10:58:17.1621240Z   inflating: build/previous/manifest.toml  
build	Test DafnyStandardLibraries	2025-07-16T10:58:17.1674270Z   inflating: build/previous/program  
build	Test DafnyStandardLibraries	2025-07-16T10:58:17.1689950Z diff build/previous build/current
build	Test DafnyStandardLibraries	2025-07-16T10:58:17.1934340Z grep "hidden-no-verify = false" build/current/manifest.toml || \
build	Test DafnyStandardLibraries	2025-07-16T10:58:17.1962210Z 		(echo "ERROR: doo file built with --hidden-no-verify, rebuild without this option" && exit 1)
build	Test DafnyStandardLibraries	2025-07-16T10:58:17.2114630Z hidden-no-verify = false
build	Test DafnyStandardLibraries	2025-07-16T10:58:17.2120200Z make -C src/Std/TargetSpecific check-binary-all
build	Test DafnyStandardLibraries	2025-07-16T10:58:17.2379980Z make check-binary TARGETLANG=notarget
build	Test DafnyStandardLibraries	2025-07-16T10:58:17.2556370Z dotnet run --project ../../../../Dafny --no-build --roll-forward LatestMajor -- build -t:lib --hidden-no-verify=false dfyconfig.toml \
build	Test DafnyStandardLibraries	2025-07-16T10:58:17.2561350Z 		`find . -name '*-notarget*.dfy' | sort` \
build	Test DafnyStandardLibraries	2025-07-16T10:58:17.2564630Z 		--output:../../../build/DafnyStandardLibraries-notarget.doo
build	Test DafnyStandardLibraries	2025-07-16T10:58:35.9994710Z 
build	Test DafnyStandardLibraries	2025-07-16T10:58:35.9996920Z Dafny program verifier finished with 10 verified, 0 errors
build	Test DafnyStandardLibraries	2025-07-16T10:58:36.1615700Z unzip -o ../../../build/DafnyStandardLibraries-notarget.doo -d ../../../build/current-notarget
build	Test DafnyStandardLibraries	2025-07-16T10:58:36.1673960Z Archive:  ../../../build/DafnyStandardLibraries-notarget.doo
build	Test DafnyStandardLibraries	2025-07-16T10:58:36.1689500Z   inflating: ../../../build/current-notarget/manifest.toml  
build	Test DafnyStandardLibraries	2025-07-16T10:58:36.1692130Z   inflating: ../../../build/current-notarget/program  
build	Test DafnyStandardLibraries	2025-07-16T10:58:36.1698630Z unzip -o ../../../binaries/DafnyStandardLibraries-notarget.doo -d ../../../build/rebuilt-notarget
build	Test DafnyStandardLibraries	2025-07-16T10:58:36.1750730Z Archive:  ../../../binaries/DafnyStandardLibraries-notarget.doo
build	Test DafnyStandardLibraries	2025-07-16T10:58:36.1765800Z   inflating: ../../../build/rebuilt-notarget/manifest.toml  
build	Test DafnyStandardLibraries	2025-07-16T10:58:36.1772890Z   inflating: ../../../build/rebuilt-notarget/program  
build	Test DafnyStandardLibraries	2025-07-16T10:58:36.1779780Z diff ../../../build/current-notarget ../../../build/rebuilt-notarget
build	Test DafnyStandardLibraries	2025-07-16T10:58:36.1836940Z grep "hidden-no-verify = false" ../../../build/current-notarget/manifest.toml || \
build	Test DafnyStandardLibraries	2025-07-16T10:58:36.1841030Z 		(echo "ERROR: doo file built with --hidden-no-verify, rebuild without this option" && exit 1)
build	Test DafnyStandardLibraries	2025-07-16T10:58:36.1927210Z hidden-no-verify = false
build	Test DafnyStandardLibraries	2025-07-16T10:58:36.1938730Z make check-binary TARGETLANG=cs
build	Test DafnyStandardLibraries	2025-07-16T10:58:36.2085770Z dotnet run --project ../../../../Dafny --no-build --roll-forward LatestMajor -- build -t:lib --hidden-no-verify=false dfyconfig.toml \
build	Test DafnyStandardLibraries	2025-07-16T10:58:36.2087220Z 		`find . -name '*-cs*.dfy' | sort` \
build	Test DafnyStandardLibraries	2025-07-16T10:58:36.2088430Z 		--output:../../../build/DafnyStandardLibraries-cs.doo
build	Test DafnyStandardLibraries	2025-07-16T10:58:53.2779150Z 
build	Test DafnyStandardLibraries	2025-07-16T10:58:53.2780190Z Dafny program verifier finished with 10 verified, 0 errors
build	Test DafnyStandardLibraries	2025-07-16T10:58:53.4337510Z unzip -o ../../../build/DafnyStandardLibraries-cs.doo -d ../../../build/current-cs
build	Test DafnyStandardLibraries	2025-07-16T10:58:53.4401690Z Archive:  ../../../build/DafnyStandardLibraries-cs.doo
build	Test DafnyStandardLibraries	2025-07-16T10:58:53.4414840Z   inflating: ../../../build/current-cs/manifest.toml  
build	Test DafnyStandardLibraries	2025-07-16T10:58:53.4419260Z   inflating: ../../../build/current-cs/program  
build	Test DafnyStandardLibraries	2025-07-16T10:58:53.4424230Z unzip -o ../../../binaries/DafnyStandardLibraries-cs.doo -d ../../../build/rebuilt-cs
build	Test DafnyStandardLibraries	2025-07-16T10:58:53.4484080Z Archive:  ../../../binaries/DafnyStandardLibraries-cs.doo
build	Test DafnyStandardLibraries	2025-07-16T10:58:53.4499650Z   inflating: ../../../build/rebuilt-cs/manifest.toml  
build	Test DafnyStandardLibraries	2025-07-16T10:58:53.4505100Z   inflating: ../../../build/rebuilt-cs/program  
build	Test DafnyStandardLibraries	2025-07-16T10:58:53.4509720Z diff ../../../build/current-cs ../../../build/rebuilt-cs
build	Test DafnyStandardLibraries	2025-07-16T10:58:53.4565660Z grep "hidden-no-verify = false" ../../../build/current-cs/manifest.toml || \
build	Test DafnyStandardLibraries	2025-07-16T10:58:53.4569070Z 		(echo "ERROR: doo file built with --hidden-no-verify, rebuild without this option" && exit 1)
build	Test DafnyStandardLibraries	2025-07-16T10:58:53.4655340Z hidden-no-verify = false
build	Test DafnyStandardLibraries	2025-07-16T10:58:53.4664580Z make check-binary TARGETLANG=java
build	Test DafnyStandardLibraries	2025-07-16T10:58:53.4818200Z dotnet run --project ../../../../Dafny --no-build --roll-forward LatestMajor -- build -t:lib --hidden-no-verify=false dfyconfig.toml \
build	Test DafnyStandardLibraries	2025-07-16T10:58:53.4819640Z 		`find . -name '*-java*.dfy' | sort` \
build	Test DafnyStandardLibraries	2025-07-16T10:58:53.4820840Z 		--output:../../../build/DafnyStandardLibraries-java.doo
build	Test DafnyStandardLibraries	2025-07-16T10:59:11.4959640Z 
build	Test DafnyStandardLibraries	2025-07-16T10:59:11.4960610Z Dafny program verifier finished with 10 verified, 0 errors
build	Test DafnyStandardLibraries	2025-07-16T10:59:11.6704960Z unzip -o ../../../build/DafnyStandardLibraries-java.doo -d ../../../build/current-java
build	Test DafnyStandardLibraries	2025-07-16T10:59:11.6759580Z Archive:  ../../../build/DafnyStandardLibraries-java.doo
build	Test DafnyStandardLibraries	2025-07-16T10:59:11.6771540Z   inflating: ../../../build/current-java/manifest.toml  
build	Test DafnyStandardLibraries	2025-07-16T10:59:11.6775560Z   inflating: ../../../build/current-java/program  
build	Test DafnyStandardLibraries	2025-07-16T10:59:11.6780190Z unzip -o ../../../binaries/DafnyStandardLibraries-java.doo -d ../../../build/rebuilt-java
build	Test DafnyStandardLibraries	2025-07-16T10:59:11.6838120Z Archive:  ../../../binaries/DafnyStandardLibraries-java.doo
build	Test DafnyStandardLibraries	2025-07-16T10:59:11.6852690Z   inflating: ../../../build/rebuilt-java/manifest.toml  
build	Test DafnyStandardLibraries	2025-07-16T10:59:11.6857410Z   inflating: ../../../build/rebuilt-java/program  
build	Test DafnyStandardLibraries	2025-07-16T10:59:11.6864620Z diff ../../../build/current-java ../../../build/rebuilt-java
build	Test DafnyStandardLibraries	2025-07-16T10:59:11.6917620Z grep "hidden-no-verify = false" ../../../build/current-java/manifest.toml || \
build	Test DafnyStandardLibraries	2025-07-16T10:59:11.6919340Z 		(echo "ERROR: doo file built with --hidden-no-verify, rebuild without this option" && exit 1)
build	Test DafnyStandardLibraries	2025-07-16T10:59:11.7001150Z hidden-no-verify = false
build	Test DafnyStandardLibraries	2025-07-16T10:59:11.7011310Z make check-binary TARGETLANG=js
build	Test DafnyStandardLibraries	2025-07-16T10:59:11.7169380Z dotnet run --project ../../../../Dafny --no-build --roll-forward LatestMajor -- build -t:lib --hidden-no-verify=false dfyconfig.toml \
build	Test DafnyStandardLibraries	2025-07-16T10:59:11.7171780Z 		`find . -name '*-js*.dfy' | sort` \
build	Test DafnyStandardLibraries	2025-07-16T10:59:11.7172650Z 		--output:../../../build/DafnyStandardLibraries-js.doo
build	Test DafnyStandardLibraries	2025-07-16T10:59:30.5887340Z 
build	Test DafnyStandardLibraries	2025-07-16T10:59:30.5889530Z Dafny program verifier finished with 30 verified, 0 errors
build	Test DafnyStandardLibraries	2025-07-16T10:59:30.7507040Z unzip -o ../../../build/DafnyStandardLibraries-js.doo -d ../../../build/current-js
build	Test DafnyStandardLibraries	2025-07-16T10:59:30.7569420Z Archive:  ../../../build/DafnyStandardLibraries-js.doo
build	Test DafnyStandardLibraries	2025-07-16T10:59:30.7584110Z   inflating: ../../../build/current-js/manifest.toml  
build	Test DafnyStandardLibraries	2025-07-16T10:59:30.7587850Z   inflating: ../../../build/current-js/program  
build	Test DafnyStandardLibraries	2025-07-16T10:59:30.7596820Z unzip -o ../../../binaries/DafnyStandardLibraries-js.doo -d ../../../build/rebuilt-js
build	Test DafnyStandardLibraries	2025-07-16T10:59:30.7657220Z Archive:  ../../../binaries/DafnyStandardLibraries-js.doo
build	Test DafnyStandardLibraries	2025-07-16T10:59:30.7673210Z   inflating: ../../../build/rebuilt-js/manifest.toml  
build	Test DafnyStandardLibraries	2025-07-16T10:59:30.7679440Z   inflating: ../../../build/rebuilt-js/program  
build	Test DafnyStandardLibraries	2025-07-16T10:59:30.7684320Z diff ../../../build/current-js ../../../build/rebuilt-js
build	Test DafnyStandardLibraries	2025-07-16T10:59:30.7746360Z grep "hidden-no-verify = false" ../../../build/current-js/manifest.toml || \
build	Test DafnyStandardLibraries	2025-07-16T10:59:30.7748730Z 		(echo "ERROR: doo file built with --hidden-no-verify, rebuild without this option" && exit 1)
build	Test DafnyStandardLibraries	2025-07-16T10:59:30.7836290Z hidden-no-verify = false
build	Test DafnyStandardLibraries	2025-07-16T10:59:30.7846700Z make check-binary TARGETLANG=go
build	Test DafnyStandardLibraries	2025-07-16T10:59:30.8006280Z dotnet run --project ../../../../Dafny --no-build --roll-forward LatestMajor -- build -t:lib --hidden-no-verify=false dfyconfig.toml \
build	Test DafnyStandardLibraries	2025-07-16T10:59:30.8008330Z 		`find . -name '*-go*.dfy' | sort` \
build	Test DafnyStandardLibraries	2025-07-16T10:59:30.8009210Z 		--output:../../../build/DafnyStandardLibraries-go.doo
build	Test DafnyStandardLibraries	2025-07-16T10:59:47.8629050Z 
build	Test DafnyStandardLibraries	2025-07-16T10:59:47.8630330Z Dafny program verifier finished with 11 verified, 0 errors
build	Test DafnyStandardLibraries	2025-07-16T10:59:48.0209780Z unzip -o ../../../build/DafnyStandardLibraries-go.doo -d ../../../build/current-go
build	Test DafnyStandardLibraries	2025-07-16T10:59:48.0269190Z Archive:  ../../../build/DafnyStandardLibraries-go.doo
build	Test DafnyStandardLibraries	2025-07-16T10:59:48.0286530Z   inflating: ../../../build/current-go/manifest.toml  
build	Test DafnyStandardLibraries	2025-07-16T10:59:48.0290110Z   inflating: ../../../build/current-go/program  
build	Test DafnyStandardLibraries	2025-07-16T10:59:48.0293800Z unzip -o ../../../binaries/DafnyStandardLibraries-go.doo -d ../../../build/rebuilt-go
build	Test DafnyStandardLibraries	2025-07-16T10:59:48.0349030Z Archive:  ../../../binaries/DafnyStandardLibraries-go.doo
build	Test DafnyStandardLibraries	2025-07-16T10:59:48.0362810Z   inflating: ../../../build/rebuilt-go/manifest.toml  
build	Test DafnyStandardLibraries	2025-07-16T10:59:48.0370780Z   inflating: ../../../build/rebuilt-go/program  
build	Test DafnyStandardLibraries	2025-07-16T10:59:48.0374190Z diff ../../../build/current-go ../../../build/rebuilt-go
build	Test DafnyStandardLibraries	2025-07-16T10:59:48.0425220Z grep "hidden-no-verify = false" ../../../build/current-go/manifest.toml || \
build	Test DafnyStandardLibraries	2025-07-16T10:59:48.0427790Z 		(echo "ERROR: doo file built with --hidden-no-verify, rebuild without this option" && exit 1)
build	Test DafnyStandardLibraries	2025-07-16T10:59:48.0513110Z hidden-no-verify = false
build	Test DafnyStandardLibraries	2025-07-16T10:59:48.0523990Z make check-binary TARGETLANG=py
build	Test DafnyStandardLibraries	2025-07-16T10:59:48.0677290Z dotnet run --project ../../../../Dafny --no-build --roll-forward LatestMajor -- build -t:lib --hidden-no-verify=false dfyconfig.toml \
build	Test DafnyStandardLibraries	2025-07-16T10:59:48.0679460Z 		`find . -name '*-py*.dfy' | sort` \
build	Test DafnyStandardLibraries	2025-07-16T10:59:48.0680770Z 		--output:../../../build/DafnyStandardLibraries-py.doo
build	Test DafnyStandardLibraries	2025-07-16T11:00:05.3403130Z 
build	Test DafnyStandardLibraries	2025-07-16T11:00:05.3406280Z Dafny program verifier finished with 11 verified, 0 errors
build	Test DafnyStandardLibraries	2025-07-16T11:00:05.5063660Z unzip -o ../../../build/DafnyStandardLibraries-py.doo -d ../../../build/current-py
build	Test DafnyStandardLibraries	2025-07-16T11:00:05.5121000Z Archive:  ../../../build/DafnyStandardLibraries-py.doo
build	Test DafnyStandardLibraries	2025-07-16T11:00:05.5136790Z   inflating: ../../../build/current-py/manifest.toml  
build	Test DafnyStandardLibraries	2025-07-16T11:00:05.5138560Z   inflating: ../../../build/current-py/program  
build	Test DafnyStandardLibraries	2025-07-16T11:00:05.5147580Z unzip -o ../../../binaries/DafnyStandardLibraries-py.doo -d ../../../build/rebuilt-py
build	Test DafnyStandardLibraries	2025-07-16T11:00:05.5202210Z Archive:  ../../../binaries/DafnyStandardLibraries-py.doo
build	Test DafnyStandardLibraries	2025-07-16T11:00:05.5215450Z   inflating: ../../../build/rebuilt-py/manifest.toml  
build	Test DafnyStandardLibraries	2025-07-16T11:00:05.5221480Z   inflating: ../../../build/rebuilt-py/program  
build	Test DafnyStandardLibraries	2025-07-16T11:00:05.5227420Z diff ../../../build/current-py ../../../build/rebuilt-py
build	Test DafnyStandardLibraries	2025-07-16T11:00:05.5273920Z grep "hidden-no-verify = false" ../../../build/current-py/manifest.toml || \
build	Test DafnyStandardLibraries	2025-07-16T11:00:05.5276040Z 		(echo "ERROR: doo file built with --hidden-no-verify, rebuild without this option" && exit 1)
build	Test DafnyStandardLibraries	2025-07-16T11:00:05.5358910Z hidden-no-verify = false
build	Test DafnyStandardLibraries	2025-07-16T11:00:05.5368260Z make check-binary TARGETLANG=rs
build	Test DafnyStandardLibraries	2025-07-16T11:00:05.5515530Z dotnet run --project ../../../../Dafny --no-build --roll-forward LatestMajor -- build -t:lib --hidden-no-verify=false dfyconfig.toml \
build	Test DafnyStandardLibraries	2025-07-16T11:00:05.5517530Z 		`find . -name '*-rs*.dfy' | sort` \
build	Test DafnyStandardLibraries	2025-07-16T11:00:05.5518900Z 		--output:../../../build/DafnyStandardLibraries-rs.doo
build	Test DafnyStandardLibraries	2025-07-16T11:00:22.8869940Z 
build	Test DafnyStandardLibraries	2025-07-16T11:00:22.8871560Z Dafny program verifier finished with 11 verified, 0 errors
build	Test DafnyStandardLibraries	2025-07-16T11:00:23.0505330Z unzip -o ../../../build/DafnyStandardLibraries-rs.doo -d ../../../build/current-rs
build	Test DafnyStandardLibraries	2025-07-16T11:00:23.0564660Z Archive:  ../../../build/DafnyStandardLibraries-rs.doo
build	Test DafnyStandardLibraries	2025-07-16T11:00:23.0579740Z   inflating: ../../../build/current-rs/manifest.toml  
build	Test DafnyStandardLibraries	2025-07-16T11:00:23.0586980Z   inflating: ../../../build/current-rs/program  
build	Test DafnyStandardLibraries	2025-07-16T11:00:23.0593680Z unzip -o ../../../binaries/DafnyStandardLibraries-rs.doo -d ../../../build/rebuilt-rs
build	Test DafnyStandardLibraries	2025-07-16T11:00:23.0655670Z Archive:  ../../../binaries/DafnyStandardLibraries-rs.doo
build	Test DafnyStandardLibraries	2025-07-16T11:00:23.0673790Z   inflating: ../../../build/rebuilt-rs/program  
build	Test DafnyStandardLibraries	2025-07-16T11:00:23.0676620Z   inflating: ../../../build/rebuilt-rs/manifest.toml  
build	Test DafnyStandardLibraries	2025-07-16T11:00:23.0682530Z diff ../../../build/current-rs ../../../build/rebuilt-rs
build	Test DafnyStandardLibraries	2025-07-16T11:00:23.0738960Z diff ../../../build/current-rs/manifest.toml ../../../build/rebuilt-rs/manifest.toml
build	Test DafnyStandardLibraries	2025-07-16T11:00:23.0741190Z make[2]: *** [check-binary] Error 1
build	Test DafnyStandardLibraries	2025-07-16T11:00:23.0741960Z 4c4
build	Test DafnyStandardLibraries	2025-07-16T11:00:23.0742550Z < solver_version = "4.12.1"
build	Test DafnyStandardLibraries	2025-07-16T11:00:23.0743570Z ---
build	Test DafnyStandardLibraries	2025-07-16T11:00:23.0744520Z > solver_version = "4.15.0"
build	Test DafnyStandardLibraries	2025-07-16T11:00:23.0745620Z make[1]: *** [check-binary-all] Error 2
build	Test DafnyStandardLibraries	2025-07-16T11:00:23.0746620Z make: *** [check-binary] Error 2
build	Test DafnyStandardLibraries	2025-07-16T11:00:23.0848030Z ##[error]Process completed with exit code 2.
build	Post Set up JDK 18	﻿2025-07-16T11:00:23.1235690Z Post job cleanup.
build	Post Checkout Dafny	﻿2025-07-16T11:00:23.7167970Z Post job cleanup.
build	Post Checkout Dafny	2025-07-16T11:00:24.0975180Z [command]/usr/local/bin/git version
build	Post Checkout Dafny	2025-07-16T11:00:24.1177230Z git version 2.50.1
build	Post Checkout Dafny	2025-07-16T11:00:24.1268960Z Copying '/Users/runner/.gitconfig' to '/Users/runner/work/_temp/07e4d4fa-9afd-4d49-9211-c86306a14eef/.gitconfig'
build	Post Checkout Dafny	2025-07-16T11:00:24.2259800Z Temporarily overriding HOME='/Users/runner/work/_temp/07e4d4fa-9afd-4d49-9211-c86306a14eef' before making global git config changes
build	Post Checkout Dafny	2025-07-16T11:00:24.2262570Z Adding repository directory to the temporary git global config as a safe directory
build	Post Checkout Dafny	2025-07-16T11:00:24.2268610Z [command]/usr/local/bin/git config --global --add safe.directory /Users/runner/work/dafny/dafny
build	Post Checkout Dafny	2025-07-16T11:00:24.2410090Z [command]/usr/local/bin/git config --local --name-only --get-regexp core\.sshCommand
build	Post Checkout Dafny	2025-07-16T11:00:24.2512190Z [command]/usr/local/bin/git submodule foreach --recursive sh -c "git config --local --name-only --get-regexp 'core\.sshCommand' && git config --local --unset-all 'core.sshCommand' || :"
build	Post Checkout Dafny	2025-07-16T11:00:24.4535620Z [command]/usr/local/bin/git config --local --name-only --get-regexp http\.https\:\/\/github\.com\/\.extraheader
build	Post Checkout Dafny	2025-07-16T11:00:24.4612480Z http.https://github.com/.extraheader
build	Post Checkout Dafny	2025-07-16T11:00:24.4636670Z [command]/usr/local/bin/git config --local --unset-all http.https://github.com/.extraheader
build	Post Checkout Dafny	2025-07-16T11:00:24.4762740Z [command]/usr/local/bin/git submodule foreach --recursive sh -c "git config --local --name-only --get-regexp 'http\.https\:\/\/github\.com\/\.extraheader' && git config --local --unset-all 'http.https://github.com/.extraheader' || :"
build	Complete job	﻿2025-07-16T11:00:24.6243800Z Cleaning up orphan processes
build	Complete job	2025-07-16T11:00:24.9532640Z Terminate orphan process: pid (5500) (java)
